<html>
<body>
<pre>
<h1>µVision Build Log</h1>
<h2>Tool Versions:</h2>
IDE-Version: ¦ÌVision V5.29.0.0
Copyright (C) 2019 ARM Ltd and ARM Germany GmbH. All rights reserved.
License Information: Yang Xi, NXP, LIC=KRMWF-635YU-TGW7T-RE9KP-B5KIS-23TY1
 
Tool Versions:
Toolchain:       MDK-ARM Plus  Version: 5.29.0.0
Toolchain Path:  C:\Keil_v5\ARM\ARMCC\Bin
C Compiler:      Armcc.exe V5.06 update 6 (build 750)
Assembler:       Armasm.exe V5.06 update 6 (build 750)
Linker/Locator:  ArmLink.exe V5.06 update 6 (build 750)
Library Manager: ArmAr.exe V5.06 update 6 (build 750)
Hex Converter:   FromElf.exe V5.06 update 6 (build 750)
CPU DLL:         SARMCM3.DLL V5.29.0.0
Dialog DLL:      DCM.DLL V1.17.3.0
Target DLL:      Segger\JL2CM3.dll V2.99.36.0
Dialog DLL:      TCM.DLL V1.36.5.0
 
<h2>Project:</h2>
C:\Users\YX\Desktop\gitResp\AN5331SW\boards\frdmk64f\driver_examples\offline_programmer\mdk\offline_programmer.uvprojx
Project File Date:  01/16/2020

<h2>Output:</h2>
*** Using Compiler 'V5.06 update 6 (build 750)', folder: 'C:\Keil_v5\ARM\ARMCC\Bin'
Build target 'frdmk64_offline_programmer'
compiling sdcard_fatfs.c...
../sdcard_fatfs.c(161): warning:  #940-D: missing return statement at end of non-void function "read_image" 
  }
../sdcard_fatfs.c(232): warning:  #940-D: missing return statement at end of non-void function "program_image" 
  }
../sdcard_fatfs.c(259): warning:  #223-D: function "set_swd_speed" declared implicitly
          set_swd_speed(100);
../sdcard_fatfs.c(240): warning:  #177-D: variable "i"  was declared but never referenced
      int i, ret;
../sdcard_fatfs.c(240): warning:  #550-D: variable "ret"  was set but never used
      int i, ret;
../sdcard_fatfs.c(406): warning:  #223-D: function "set_swd_speed" declared implicitly
      set_swd_speed(1);
../sdcard_fatfs.c(309): warning:  #177-D: variable "ret"  was declared but never referenced
      int ret;
../sdcard_fatfs.c: 7 warnings, 0 errors
linking...
Program Size: Code=35480 RO-data=2216 RW-data=264 ZI-data=17116  
FromELF: creating hex file...
"debug\sdcard_fatfs.out" - 0 Error(s), 7 Warning(s).

<h2>Software Packages used:</h2>

Package Vendor: Keil
                http://www.keil.com/pack/Keil.Kinetis_K60_DFP.1.5.0.pack
                Keil.Kinetis_K60_DFP.1.5.0
                NXP Kinetis K60 Series Device Support and Examples

<h2>Collection of Component include folders:</h2>
  .\RTE\_frdmk64_offline_programmer
  C:\Keil_v5\ARM\PACK\Keil\Kinetis_K60_DFP\1.5.0\Device\Include

<h2>Collection of Component Files used:</h2>
Build Time Elapsed:  00:00:02
</pre>
</body>
</html>
