Component: ARM Compiler 5.06 update 6 (build 750) Tool: armlink [4d35ed]

==============================================================================

Section Cross References

    startup_mk64f12.o(RESET) refers to startup_mk64f12.o(.text) for Reset_Handler
    startup_mk64f12.o(RESET) refers to event.o(i.SysTick_Handler) for SysTick_Handler
    startup_mk64f12.o(RESET) refers to sdcard_fatfs.o(i.PIT0_IRQHandler) for PIT0_IRQHandler
    startup_mk64f12.o(.text) refers to startup_mk64f12.o(FlashConfig) for FlashConfig
    startup_mk64f12.o(.text) refers to startup_mk64f12.o(RESET) for __Vectors
    startup_mk64f12.o(.text) refers to system_mk64f12.o(i.SystemInit) for SystemInit
    startup_mk64f12.o(.text) refers to entry.o(.ARM.Collect$$$$00000000) for __main
    startup_mk64f12.o(.text) refers to fsl_uart.o(i.UART0_RX_TX_DriverIRQHandler) for UART0_RX_TX_DriverIRQHandler
    startup_mk64f12.o(.text) refers to fsl_uart.o(i.UART1_RX_TX_DriverIRQHandler) for UART1_RX_TX_DriverIRQHandler
    startup_mk64f12.o(.text) refers to fsl_uart.o(i.UART2_RX_TX_DriverIRQHandler) for UART2_RX_TX_DriverIRQHandler
    startup_mk64f12.o(.text) refers to fsl_uart.o(i.UART3_RX_TX_DriverIRQHandler) for UART3_RX_TX_DriverIRQHandler
    startup_mk64f12.o(.text) refers to fsl_uart.o(i.UART4_RX_TX_DriverIRQHandler) for UART4_RX_TX_DriverIRQHandler
    startup_mk64f12.o(.text) refers to fsl_uart.o(i.UART5_RX_TX_DriverIRQHandler) for UART5_RX_TX_DriverIRQHandler
    startup_mk64f12.o(.text) refers to fsl_sdhc.o(i.SDHC_DriverIRQHandler) for SDHC_DriverIRQHandler
    system_mk64f12.o(i.SystemCoreClockUpdate) refers to system_mk64f12.o(.data) for SystemCoreClock
    fsl_uart.o(i.UART0_DriverIRQHandler) refers to fsl_uart.o(.bss) for s_uartHandle
    fsl_uart.o(i.UART0_DriverIRQHandler) refers to fsl_uart.o(.data) for s_uartIsr
    fsl_uart.o(i.UART0_RX_TX_DriverIRQHandler) refers to fsl_uart.o(i.UART0_DriverIRQHandler) for UART0_DriverIRQHandler
    fsl_uart.o(i.UART1_DriverIRQHandler) refers to fsl_uart.o(.bss) for s_uartHandle
    fsl_uart.o(i.UART1_DriverIRQHandler) refers to fsl_uart.o(.data) for s_uartIsr
    fsl_uart.o(i.UART1_RX_TX_DriverIRQHandler) refers to fsl_uart.o(i.UART1_DriverIRQHandler) for UART1_DriverIRQHandler
    fsl_uart.o(i.UART2_DriverIRQHandler) refers to fsl_uart.o(.bss) for s_uartHandle
    fsl_uart.o(i.UART2_DriverIRQHandler) refers to fsl_uart.o(.data) for s_uartIsr
    fsl_uart.o(i.UART2_RX_TX_DriverIRQHandler) refers to fsl_uart.o(i.UART2_DriverIRQHandler) for UART2_DriverIRQHandler
    fsl_uart.o(i.UART3_DriverIRQHandler) refers to fsl_uart.o(.bss) for s_uartHandle
    fsl_uart.o(i.UART3_DriverIRQHandler) refers to fsl_uart.o(.data) for s_uartIsr
    fsl_uart.o(i.UART3_RX_TX_DriverIRQHandler) refers to fsl_uart.o(i.UART3_DriverIRQHandler) for UART3_DriverIRQHandler
    fsl_uart.o(i.UART4_DriverIRQHandler) refers to fsl_uart.o(.bss) for s_uartHandle
    fsl_uart.o(i.UART4_DriverIRQHandler) refers to fsl_uart.o(.data) for s_uartIsr
    fsl_uart.o(i.UART4_RX_TX_DriverIRQHandler) refers to fsl_uart.o(i.UART4_DriverIRQHandler) for UART4_DriverIRQHandler
    fsl_uart.o(i.UART5_DriverIRQHandler) refers to fsl_uart.o(.bss) for s_uartHandle
    fsl_uart.o(i.UART5_DriverIRQHandler) refers to fsl_uart.o(.data) for s_uartIsr
    fsl_uart.o(i.UART5_RX_TX_DriverIRQHandler) refers to fsl_uart.o(i.UART5_DriverIRQHandler) for UART5_DriverIRQHandler
    fsl_uart.o(i.UART_ClearStatusFlags) refers to fsl_uart.o(i.UART_GetStatusFlags) for UART_GetStatusFlags
    fsl_uart.o(i.UART_Deinit) refers to fsl_uart.o(i.UART_GetInstance) for UART_GetInstance
    fsl_uart.o(i.UART_Deinit) refers to fsl_uart.o(.constdata) for s_uartClock
    fsl_uart.o(i.UART_GetDefaultConfig) refers to fsl_common.o(i.__aeabi_assert) for __aeabi_assert
    fsl_uart.o(i.UART_GetInstance) refers to fsl_common.o(i.__aeabi_assert) for __aeabi_assert
    fsl_uart.o(i.UART_GetInstance) refers to fsl_uart.o(.constdata) for s_uartBases
    fsl_uart.o(i.UART_Init) refers to fsl_common.o(i.__aeabi_assert) for __aeabi_assert
    fsl_uart.o(i.UART_Init) refers to fsl_uart.o(i.UART_GetInstance) for UART_GetInstance
    fsl_uart.o(i.UART_Init) refers to fsl_uart.o(.constdata) for s_uartClock
    fsl_uart.o(i.UART_ReadBlocking) refers to fsl_uart.o(i.UART_GetStatusFlags) for UART_GetStatusFlags
    fsl_uart.o(i.UART_TransferAbortReceive) refers to fsl_uart.o(i.UART_DisableInterrupts) for UART_DisableInterrupts
    fsl_uart.o(i.UART_TransferAbortSend) refers to fsl_uart.o(i.UART_DisableInterrupts) for UART_DisableInterrupts
    fsl_uart.o(i.UART_TransferCreateHandle) refers to fsl_common.o(i.__aeabi_assert) for __aeabi_assert
    fsl_uart.o(i.UART_TransferCreateHandle) refers to memseta.o(.text) for __aeabi_memclr4
    fsl_uart.o(i.UART_TransferCreateHandle) refers to fsl_uart.o(i.UART_GetInstance) for UART_GetInstance
    fsl_uart.o(i.UART_TransferCreateHandle) refers to fsl_uart.o(.bss) for s_uartHandle
[...]
    i.put_fat                                0x00008580   Section        0  ff.o(i.put_fat)
    i.read_image                             0x000086c4   Section        0  sdcard_fatfs.o(i.read_image)
    read_image                               0x000086c5   Thumb Code    54  sdcard_fatfs.o(i.read_image)
    i.remove_chain                           0x00008730   Section        0  ff.o(i.remove_chain)
    remove_chain                             0x00008731   Thumb Code   108  ff.o(i.remove_chain)
    i.sd_disk_initialize                     0x0000879c   Section        0  fsl_sd_disk.o(i.sd_disk_initialize)
    i.sd_disk_ioctl                          0x00008878   Section        0  fsl_sd_disk.o(i.sd_disk_ioctl)
    i.sd_disk_read                           0x000088d8   Section        0  fsl_sd_disk.o(i.sd_disk_read)
    i.sd_disk_status                         0x00008908   Section        0  fsl_sd_disk.o(i.sd_disk_status)
    i.sd_disk_write                          0x00008918   Section        0  fsl_sd_disk.o(i.sd_disk_write)
    i.sdhc_transfer_complete_callback        0x00008948   Section        0  fsl_sd_disk.o(i.sdhc_transfer_complete_callback)
    i.sdhc_transfer_function                 0x00008974   Section        0  fsl_sd_disk.o(i.sdhc_transfer_function)
    sdhc_transfer_function                   0x00008975   Thumb Code    60  fsl_sd_disk.o(i.sdhc_transfer_function)
    i.security_bits_set                      0x000089bc   Section        0  flash_kientis.o(i.security_bits_set)
    i.set_swd_speed                          0x000089ec   Section        0  swd_pin.o(i.set_swd_speed)
    i.sqrt                                   0x000089f8   Section        0  sqrt.o(i.sqrt)
    i.st_clust                               0x00008a44   Section        0  ff.o(i.st_clust)
    st_clust                                 0x00008a45   Thumb Code    16  ff.o(i.st_clust)
    i.swd_flash_syscall_exec                 0x00008a54   Section        0  swd.o(i.swd_flash_syscall_exec)
    i.swd_write_debug_state                  0x00008abc   Section        0  swd.o(i.swd_write_debug_state)
    i.swd_write_memory                       0x00008b28   Section        0  swd.o(i.swd_write_memory)
    i.sync_fs                                0x00008b92   Section        0  ff.o(i.sync_fs)
    sync_fs                                  0x00008b93   Thumb Code   200  ff.o(i.sync_fs)
    i.sync_window                            0x00008c5a   Section        0  ff.o(i.sync_window)
    sync_window                              0x00008c5b   Thumb Code    82  ff.o(i.sync_window)
    i.target_flash_erase_sector              0x00008cac   Section        0  flash_kientis.o(i.target_flash_erase_sector)
    i.target_flash_init                      0x00008ccc   Section        0  flash_kientis.o(i.target_flash_init)
    i.target_flash_program_page              0x00008d0c   Section        0  flash_kientis.o(i.target_flash_program_page)
    i.target_flash_unlock_sequence           0x00008d70   Section        0  flash_kientis.o(i.target_flash_unlock_sequence)
    i.validate                               0x00008e74   Section        0  ff.o(i.validate)
    validate                                 0x00008e75   Thumb Code    50  ff.o(i.validate)
    .constdata                               0x00008ea8   Section       56  fsl_uart.o(.constdata)
    s_uartBases                              0x00008ea8   Data          24  fsl_uart.o(.constdata)
    s_uartIRQ                                0x00008ec0   Data           6  fsl_uart.o(.constdata)
    s_uartClock                              0x00008ec8   Data          24  fsl_uart.o(.constdata)
    .constdata                               0x00008ee0   Section       12  fsl_sdhc.o(.constdata)
    s_sdhcBase                               0x00008ee0   Data           4  fsl_sdhc.o(.constdata)
    s_sdhcIRQ                                0x00008ee4   Data           1  fsl_sdhc.o(.constdata)
    s_sdhcClock                              0x00008ee8   Data           4  fsl_sdhc.o(.constdata)
    .constdata                               0x00008eec   Section       96  fsl_clock.o(.constdata)
    mcgModeMatrix                            0x00008eec   Data          64  fsl_clock.o(.constdata)
    fllFactorTable                           0x00008f2c   Data          16  fsl_clock.o(.constdata)
    trimRange                                0x00008f3c   Data          16  fsl_clock.o(.constdata)
    .constdata                               0x00008f4c   Section        8  fsl_pit.o(.constdata)
    s_pitBases                               0x00008f4c   Data           4  fsl_pit.o(.constdata)
    s_pitClocks                              0x00008f50   Data           4  fsl_pit.o(.constdata)
    .constdata                               0x00008f54   Section       10  sdcard_fatfs.o(.constdata)
    .constdata                               0x00008f60   Section       64  clock_config.o(.constdata)
    .constdata                               0x00008fa0   Section      456  flash_kinetis_algorithm.o(.constdata)
    KIENTIS_FLM                              0x00008fa0   Data         404  flash_kinetis_algorithm.o(.constdata)
    .constdata                               0x00009168   Section      136  pow.o(.constdata)
    bp                                       0x00009168   Data          16  pow.o(.constdata)
    dp_h                                     0x00009178   Data          16  pow.o(.constdata)
    dp_l                                     0x00009188   Data          16  pow.o(.constdata)
    L                                        0x00009198   Data          48  pow.o(.constdata)
    P                                        0x000091c8   Data          40  pow.o(.constdata)
    .constdata                               0x000091f0   Section        8  qnan.o(.constdata)
    .constdata                               0x000091f8   Section      129  ctype_o.o(.constdata)
    .constdata                               0x0000927c   Section        4  ctype_o.o(.constdata)
    table                                    0x0000927c   Data           4  ctype_o.o(.constdata)
    .conststring                             0x00009280   Section      159  sdcard_fatfs.o(.conststring)
    .data                                    0x20000000   Section        4  system_mk64f12.o(.data)
    .data                                    0x20000004   Section        4  fsl_uart.o(.data)
    s_uartIsr                                0x20000004   Data           4  fsl_uart.o(.data)
    .data                                    0x20000008   Section        4  fsl_sdhc.o(.data)
    s_sdhcHandle                             0x20000008   Data           4  fsl_sdhc.o(.data)
    .data                                    0x2000000c   Section       16  fsl_clock.o(.data)
    s_slowIrcFreq                            0x2000000c   Data           4  fsl_clock.o(.data)
    s_fastIrcFreq                            0x20000010   Data           4  fsl_clock.o(.data)
    .data                                    0x2000001c   Section      190  sdcard_fatfs.o(.data)
    FlashOption                              0x200000d0   Data           4  sdcard_fatfs.o(.data)
    KE_TRIM                                  0x200000d4   Data           4  sdcard_fatfs.o(.data)
    pit_config                               0x200000d9   Data           1  sdcard_fatfs.o(.data)
    .data                                    0x200000dc   Section        8  event.o(.data)
    g_eventTransferComplete                  0x200000dc   Data           4  event.o(.data)
    g_timeMilliseconds                       0x200000e0   Data           4  event.o(.data)
    .data                                    0x200000e4   Section        4  fsl_sd_disk.o(.data)
    g_sdhcTransferFailedFlag                 0x200000e4   Data           4  fsl_sd_disk.o(.data)
    .data                                    0x200000e8   Section        3  ff.o(.data)
    Fsid                                     0x200000e8   Data           2  ff.o(.data)
    CurrVol                                  0x200000ea   Data           1  ff.o(.data)
    .data                                    0x200000f0   Section       16  fsl_debug_console.o(.data)
    fnum                                     0x200000f0   Data           8  fsl_debug_console.o(.data)
    .data                                    0x20000100   Section        4  swd_pin.o(.data)
    swd_speed                                0x20000100   Data           4  swd_pin.o(.data)
    .data                                    0x20000104   Section        4  errno.o(.data)
    _errno                                   0x20000104   Data           4  errno.o(.data)
    .bss                                     0x20000108   Section       24  fsl_uart.o(.bss)
    s_uartHandle                             0x20000108   Data          24  fsl_uart.o(.bss)
    .bss                                     0x20000120   Section     6324  sdcard_fatfs.o(.bss)
    g_fileSystem                             0x20000120   Data         564  sdcard_fatfs.o(.bss)
    f_pimage                                 0x20000354   Data         548  sdcard_fatfs.o(.bss)
    f_trim_image                             0x20000578   Data         548  sdcard_fatfs.o(.bss)
    f_config                                 0x2000079c   Data         548  sdcard_fatfs.o(.bss)
    ImageBuf                                 0x200009c0   Data        4096  sdcard_fatfs.o(.bss)
    Algorithm                                0x200019c0   Data          20  sdcard_fatfs.o(.bss)
    .bss                                     0x200019d4   Section      244  fsl_sd_disk.o(.bss)
    g_sd                                     0x20001a1c   Data         172  fsl_sd_disk.o(.bss)
    .bss                                     0x20001ac8   Section       12  ff.o(.bss)
    FatFs                                    0x20001ac8   Data          12  ff.o(.bss)
    .bss                                     0x20001ad4   Section       16  fsl_debug_console.o(.bss)
    s_debugConsole                           0x20001ad4   Data          16  fsl_debug_console.o(.bss)

    Global Symbols

    Symbol Name                              Value     Ov Type        Size  Object(Section)

    BuildAttributes$$THM_ISAv4$E$P$D$K$B$S$7EM$PE$A:L22UL41UL21$X:L11$S22US41US21$IEEE1$IW$USESV6$~STKCKD$USESV7$~SHL$OTIME$ROPI$IEEEX$EBA8$MICROLIB$REQ8$PRES8$EABIv2 0x00000000   Number         0  anon$$obj.o ABSOLUTE
    Image$$VECTOR_RAM$$Base                  0x00000000   Number         0  anon$$obj.o ABSOLUTE
    Image$$VECTOR_ROM$$Base                  0x00000000   Number         0  anon$$obj.o ABSOLUTE
    __ARM_use_no_argv                        0x00000000   Number         0  sdcard_fatfs.o ABSOLUTE
    __Vectors                                0x00000000   Data           4  startup_mk64f12.o(RESET)
    _printf_a                                0x00000000   Number         0  stubs.o ABSOLUTE
    _printf_c                                0x00000000   Number         0  stubs.o ABSOLUTE
    _printf_charcount                        0x00000000   Number         0  stubs.o ABSOLUTE
    _printf_d                                0x00000000   Number         0  stubs.o ABSOLUTE
    _printf_e                                0x00000000   Number         0  stubs.o ABSOLUTE
    _printf_f                                0x00000000   Number         0  stubs.o ABSOLUTE
    _printf_flags                            0x00000000   Number         0  stubs.o ABSOLUTE
    _printf_fp_dec                           0x00000000   Number         0  stubs.o ABSOLUTE
    _printf_fp_hex                           0x00000000   Number         0  stubs.o ABSOLUTE
    _printf_g                                0x00000000   Number         0  stubs.o ABSOLUTE
    _printf_i                                0x00000000   Number         0  stubs.o ABSOLUTE
    _printf_int_dec                          0x00000000   Number         0  stubs.o ABSOLUTE
    _printf_l                                0x00000000   Number         0  stubs.o ABSOLUTE
    _printf_lc                               0x00000000   Number         0  stubs.o ABSOLUTE
    _printf_ll                               0x00000000   Number         0  stubs.o ABSOLUTE
    _printf_lld                              0x00000000   Number         0  stubs.o ABSOLUTE
    _printf_lli                              0x00000000   Number         0  stubs.o ABSOLUTE
    _printf_llo                              0x00000000   Number         0  stubs.o ABSOLUTE
    _printf_llu                              0x00000000   Number         0  stubs.o ABSOLUTE
    _printf_llx                              0x00000000   Number         0  stubs.o ABSOLUTE
    _printf_longlong_dec                     0x00000000   Number         0  stubs.o ABSOLUTE
    _printf_longlong_hex                     0x00000000   Number         0  stubs.o ABSOLUTE
    _printf_longlong_oct                     0x00000000   Number         0  stubs.o ABSOLUTE
    _printf_ls                               0x00000000   Number         0  stubs.o ABSOLUTE
    _printf_mbtowc                           0x00000000   Number         0  stubs.o ABSOLUTE
    _printf_n                                0x00000000   Number         0  stubs.o ABSOLUTE
    _printf_o                                0x00000000   Number         0  stubs.o ABSOLUTE
    _printf_p                                0x00000000   Number         0  stubs.o ABSOLUTE
    _printf_percent                          0x00000000   Number         0  stubs.o ABSOLUTE
    _printf_pre_padding                      0x00000000   Number         0  stubs.o ABSOLUTE
    _printf_return_value                     0x00000000   Number         0  stubs.o ABSOLUTE
    _printf_s                                0x00000000   Number         0  stubs.o ABSOLUTE
    _printf_sizespec                         0x00000000   Number         0  stubs.o ABSOLUTE
    _printf_str                              0x00000000   Number         0  stubs.o ABSOLUTE
    _printf_truncate_signed                  0x00000000   Number         0  stubs.o ABSOLUTE
    _printf_truncate_unsigned                0x00000000   Number         0  stubs.o ABSOLUTE
    _printf_u                                0x00000000   Number         0  stubs.o ABSOLUTE
    _printf_wc                               0x00000000   Number         0  stubs.o ABSOLUTE
    _printf_wctomb                           0x00000000   Number         0  stubs.o ABSOLUTE
    _printf_widthprec                        0x00000000   Number         0  stubs.o ABSOLUTE
    _printf_x                                0x00000000   Number         0  stubs.o ABSOLUTE
    __cpp_initialize__aeabi_                  - Undefined Weak Reference
    __cxa_finalize                            - Undefined Weak Reference
    __decompress                              - Undefined Weak Reference
    _clock_init                               - Undefined Weak Reference
    _microlib_exit                            - Undefined Weak Reference
    __Vectors_End                            0x00000400   Data           0  startup_mk64f12.o(RESET)
    __Vectors_Size                           0x00000400   Number         0  startup_mk64f12.o ABSOLUTE
    __main                                   0x00000411   Thumb Code     0  entry.o(.ARM.Collect$$$$00000000)
    _main_stk                                0x00000411   Thumb Code     0  entry4.o(.ARM.Collect$$$$00000003)
    _main_scatterload                        0x00000415   Thumb Code     0  entry5.o(.ARM.Collect$$$$00000004)
    __main_after_scatterload                 0x00000419   Thumb Code     0  entry5.o(.ARM.Collect$$$$00000004)
    _main_clock                              0x00000419   Thumb Code     0  entry7b.o(.ARM.Collect$$$$00000008)
    _main_cpp_init                           0x00000419   Thumb Code     0  entry8b.o(.ARM.Collect$$$$0000000A)
    _main_init                               0x00000419   Thumb Code     0  entry9a.o(.ARM.Collect$$$$0000000B)
    __rt_final_cpp                           0x00000421   Thumb Code     0  entry10a.o(.ARM.Collect$$$$0000000D)
    __rt_final_exit                          0x00000421   Thumb Code     0  entry11a.o(.ARM.Collect$$$$0000000F)
    __asm___8_fsl_sd_c_SD_Init____REV16      0x00000425   Thumb Code     4  fsl_sd.o(.rev16_text)
    Reset_Handler                            0x00000429   Thumb Code    18  startup_mk64f12.o(.text)
    NMI_Handler                              0x0000043b   Thumb Code     2  startup_mk64f12.o(.text)
    HardFault_Handler                        0x0000043d   Thumb Code     2  startup_mk64f12.o(.text)
    MemManage_Handler                        0x0000043f   Thumb Code     2  startup_mk64f12.o(.text)
    BusFault_Handler                         0x00000441   Thumb Code     2  startup_mk64f12.o(.text)
    UsageFault_Handler                       0x00000443   Thumb Code     2  startup_mk64f12.o(.text)
    SVC_Handler                              0x00000445   Thumb Code     2  startup_mk64f12.o(.text)
    DebugMon_Handler                         0x00000447   Thumb Code     2  startup_mk64f12.o(.text)
    PendSV_Handler                           0x00000449   Thumb Code     2  startup_mk64f12.o(.text)
    DMA0_IRQHandler                          0x0000044d   Thumb Code     4  startup_mk64f12.o(.text)
    DMA1_IRQHandler                          0x00000451   Thumb Code     4  startup_mk64f12.o(.text)
    DMA2_IRQHandler                          0x00000455   Thumb Code     4  startup_mk64f12.o(.text)
    DMA3_IRQHandler                          0x00000459   Thumb Code     4  startup_mk64f12.o(.text)
    DMA4_IRQHandler                          0x0000045d   Thumb Code     4  startup_mk64f12.o(.text)
    DMA5_IRQHandler                          0x00000461   Thumb Code     4  startup_mk64f12.o(.text)
    DMA6_IRQHandler                          0x00000465   Thumb Code     4  startup_mk64f12.o(.text)
    DMA7_IRQHandler                          0x00000469   Thumb Code     4  startup_mk64f12.o(.text)
    DMA8_IRQHandler                          0x0000046d   Thumb Code     4  startup_mk64f12.o(.text)
    DMA9_IRQHandler                          0x00000471   Thumb Code     4  startup_mk64f12.o(.text)
    DMA10_IRQHandler                         0x00000475   Thumb Code     4  startup_mk64f12.o(.text)
    DMA11_IRQHandler                         0x00000479   Thumb Code     4  startup_mk64f12.o(.text)
    DMA12_IRQHandler                         0x0000047d   Thumb Code     4  startup_mk64f12.o(.text)
    DMA13_IRQHandler                         0x00000481   Thumb Code     4  startup_mk64f12.o(.text)
    DMA14_IRQHandler                         0x00000485   Thumb Code     4  startup_mk64f12.o(.text)
    DMA15_IRQHandler                         0x00000489   Thumb Code     4  startup_mk64f12.o(.text)
    DMA_Error_IRQHandler                     0x0000048d   Thumb Code     4  startup_mk64f12.o(.text)
    I2C0_IRQHandler                          0x00000491   Thumb Code     4  startup_mk64f12.o(.text)
    I2C1_IRQHandler                          0x00000495   Thumb Code     4  startup_mk64f12.o(.text)
    SPI0_IRQHandler                          0x00000499   Thumb Code     4  startup_mk64f12.o(.text)
    SPI1_IRQHandler                          0x0000049d   Thumb Code     4  startup_mk64f12.o(.text)
    I2S0_Tx_IRQHandler                       0x000004a1   Thumb Code     4  startup_mk64f12.o(.text)
    I2S0_Rx_IRQHandler                       0x000004a5   Thumb Code     4  startup_mk64f12.o(.text)
    UART0_LON_IRQHandler                     0x000004a9   Thumb Code     4  startup_mk64f12.o(.text)
    UART0_RX_TX_IRQHandler                   0x000004ad   Thumb Code     4  startup_mk64f12.o(.text)
    UART0_ERR_IRQHandler                     0x000004b1   Thumb Code     4  startup_mk64f12.o(.text)
    UART1_RX_TX_IRQHandler                   0x000004b5   Thumb Code     4  startup_mk64f12.o(.text)
    UART1_ERR_IRQHandler                     0x000004b9   Thumb Code     4  startup_mk64f12.o(.text)
    UART2_RX_TX_IRQHandler                   0x000004bd   Thumb Code     4  startup_mk64f12.o(.text)
    UART2_ERR_IRQHandler                     0x000004c1   Thumb Code     4  startup_mk64f12.o(.text)
    UART3_RX_TX_IRQHandler                   0x000004c5   Thumb Code     4  startup_mk64f12.o(.text)
    UART3_ERR_IRQHandler                     0x000004c9   Thumb Code     4  startup_mk64f12.o(.text)
    SPI2_IRQHandler                          0x000004cd   Thumb Code     4  startup_mk64f12.o(.text)
    UART4_RX_TX_IRQHandler                   0x000004d1   Thumb Code     4  startup_mk64f12.o(.text)
    UART4_ERR_IRQHandler                     0x000004d5   Thumb Code     4  startup_mk64f12.o(.text)
    UART5_RX_TX_IRQHandler                   0x000004d9   Thumb Code     4  startup_mk64f12.o(.text)
    UART5_ERR_IRQHandler                     0x000004dd   Thumb Code     4  startup_mk64f12.o(.text)
    I2C2_IRQHandler                          0x000004e1   Thumb Code     4  startup_mk64f12.o(.text)
    CAN0_ORed_Message_buffer_IRQHandler      0x000004e5   Thumb Code     4  startup_mk64f12.o(.text)
    CAN0_Bus_Off_IRQHandler                  0x000004e9   Thumb Code     4  startup_mk64f12.o(.text)
    CAN0_Error_IRQHandler                    0x000004ed   Thumb Code     4  startup_mk64f12.o(.text)
    CAN0_Tx_Warning_IRQHandler               0x000004f1   Thumb Code     4  startup_mk64f12.o(.text)
    CAN0_Rx_Warning_IRQHandler               0x000004f5   Thumb Code     4  startup_mk64f12.o(.text)
    CAN0_Wake_Up_IRQHandler                  0x000004f9   Thumb Code     4  startup_mk64f12.o(.text)
    SDHC_IRQHandler                          0x000004fd   Thumb Code     4  startup_mk64f12.o(.text)
    ENET_1588_Timer_IRQHandler               0x00000501   Thumb Code     4  startup_mk64f12.o(.text)
    ENET_Transmit_IRQHandler                 0x00000505   Thumb Code     4  startup_mk64f12.o(.text)
    ENET_Receive_IRQHandler                  0x00000509   Thumb Code     4  startup_mk64f12.o(.text)
    ENET_Error_IRQHandler                    0x0000050d   Thumb Code     4  startup_mk64f12.o(.text)
    ADC0_IRQHandler                          0x00000511   Thumb Code     0  startup_mk64f12.o(.text)
    ADC1_IRQHandler                          0x00000511   Thumb Code     0  startup_mk64f12.o(.text)
    CAN0_DriverIRQHandler                    0x00000511   Thumb Code     0  startup_mk64f12.o(.text)
    CMP0_IRQHandler                          0x00000511   Thumb Code     0  startup_mk64f12.o(.text)
    CMP1_IRQHandler                          0x00000511   Thumb Code     0  startup_mk64f12.o(.text)
    CMP2_IRQHandler                          0x00000511   Thumb Code     0  startup_mk64f12.o(.text)
    CMT_IRQHandler                           0x00000511   Thumb Code     0  startup_mk64f12.o(.text)
    DAC0_IRQHandler                          0x00000511   Thumb Code     0  startup_mk64f12.o(.text)
    DAC1_IRQHandler                          0x00000511   Thumb Code     0  startup_mk64f12.o(.text)
    DMA0_DriverIRQHandler                    0x00000511   Thumb Code     0  startup_mk64f12.o(.text)
    DMA10_DriverIRQHandler                   0x00000511   Thumb Code     0  startup_mk64f12.o(.text)
    DMA11_DriverIRQHandler                   0x00000511   Thumb Code     0  startup_mk64f12.o(.text)
    DMA12_DriverIRQHandler                   0x00000511   Thumb Code     0  startup_mk64f12.o(.text)
    DMA13_DriverIRQHandler                   0x00000511   Thumb Code     0  startup_mk64f12.o(.text)
    DMA14_DriverIRQHandler                   0x00000511   Thumb Code     0  startup_mk64f12.o(.text)
    DMA15_DriverIRQHandler                   0x00000511   Thumb Code     0  startup_mk64f12.o(.text)
    DMA1_DriverIRQHandler                    0x00000511   Thumb Code     0  startup_mk64f12.o(.text)
    DMA2_DriverIRQHandler                    0x00000511   Thumb Code     0  startup_mk64f12.o(.text)
    DMA3_DriverIRQHandler                    0x00000511   Thumb Code     0  startup_mk64f12.o(.text)
    DMA4_DriverIRQHandler                    0x00000511   Thumb Code     0  startup_mk64f12.o(.text)
    DMA5_DriverIRQHandler                    0x00000511   Thumb Code     0  startup_mk64f12.o(.text)
    DMA6_DriverIRQHandler                    0x00000511   Thumb Code     0  startup_mk64f12.o(.text)
    DMA7_DriverIRQHandler                    0x00000511   Thumb Code     0  startup_mk64f12.o(.text)
    DMA8_DriverIRQHandler                    0x00000511   Thumb Code     0  startup_mk64f12.o(.text)
    DMA9_DriverIRQHandler                    0x00000511   Thumb Code     0  startup_mk64f12.o(.text)
    DMA_Error_DriverIRQHandler               0x00000511   Thumb Code     0  startup_mk64f12.o(.text)
    DefaultISR                               0x00000511   Thumb Code     0  startup_mk64f12.o(.text)
    ENET_1588_Timer_DriverIRQHandler         0x00000511   Thumb Code     0  startup_mk64f12.o(.text)
    ENET_Error_DriverIRQHandler              0x00000511   Thumb Code     0  startup_mk64f12.o(.text)
    ENET_Receive_DriverIRQHandler            0x00000511   Thumb Code     0  startup_mk64f12.o(.text)
    ENET_Transmit_DriverIRQHandler           0x00000511   Thumb Code     0  startup_mk64f12.o(.text)
    FTFE_IRQHandler                          0x00000511   Thumb Code     0  startup_mk64f12.o(.text)
    FTM0_IRQHandler                          0x00000511   Thumb Code     0  startup_mk64f12.o(.text)
    FTM1_IRQHandler                          0x00000511   Thumb Code     0  startup_mk64f12.o(.text)
    FTM2_IRQHandler                          0x00000511   Thumb Code     0  startup_mk64f12.o(.text)
    FTM3_IRQHandler                          0x00000511   Thumb Code     0  startup_mk64f12.o(.text)
    I2C0_DriverIRQHandler                    0x00000511   Thumb Code     0  startup_mk64f12.o(.text)
    I2C1_DriverIRQHandler                    0x00000511   Thumb Code     0  startup_mk64f12.o(.text)
    I2C2_DriverIRQHandler                    0x00000511   Thumb Code     0  startup_mk64f12.o(.text)
    I2S0_Rx_DriverIRQHandler                 0x00000511   Thumb Code     0  startup_mk64f12.o(.text)
    I2S0_Tx_DriverIRQHandler                 0x00000511   Thumb Code     0  startup_mk64f12.o(.text)
    LLWU_IRQHandler                          0x00000511   Thumb Code     0  startup_mk64f12.o(.text)
    LPTMR0_IRQHandler                        0x00000511   Thumb Code     0  startup_mk64f12.o(.text)
    LVD_LVW_IRQHandler                       0x00000511   Thumb Code     0  startup_mk64f12.o(.text)
    MCG_IRQHandler                           0x00000511   Thumb Code     0  startup_mk64f12.o(.text)
    MCM_IRQHandler                           0x00000511   Thumb Code     0  startup_mk64f12.o(.text)
    PDB0_IRQHandler                          0x00000511   Thumb Code     0  startup_mk64f12.o(.text)
    PIT1_IRQHandler                          0x00000511   Thumb Code     0  startup_mk64f12.o(.text)
    PIT2_IRQHandler                          0x00000511   Thumb Code     0  startup_mk64f12.o(.text)
    PIT3_IRQHandler                          0x00000511   Thumb Code     0  startup_mk64f12.o(.text)
    PORTA_IRQHandler                         0x00000511   Thumb Code     0  startup_mk64f12.o(.text)
    PORTB_IRQHandler                         0x00000511   Thumb Code     0  startup_mk64f12.o(.text)
    PORTC_IRQHandler                         0x00000511   Thumb Code     0  startup_mk64f12.o(.text)
    PORTD_IRQHandler                         0x00000511   Thumb Code     0  startup_mk64f12.o(.text)
    PORTE_IRQHandler                         0x00000511   Thumb Code     0  startup_mk64f12.o(.text)
    RNG_IRQHandler                           0x00000511   Thumb Code     0  startup_mk64f12.o(.text)
    RTC_IRQHandler                           0x00000511   Thumb Code     0  startup_mk64f12.o(.text)
    RTC_Seconds_IRQHandler                   0x00000511   Thumb Code     0  startup_mk64f12.o(.text)
    Read_Collision_IRQHandler                0x00000511   Thumb Code     0  startup_mk64f12.o(.text)
    Reserved71_IRQHandler                    0x00000511   Thumb Code     0  startup_mk64f12.o(.text)
    SPI0_DriverIRQHandler                    0x00000511   Thumb Code     0  startup_mk64f12.o(.text)
    SPI1_DriverIRQHandler                    0x00000511   Thumb Code     0  startup_mk64f12.o(.text)
    SPI2_DriverIRQHandler                    0x00000511   Thumb Code     0  startup_mk64f12.o(.text)
    SWI_IRQHandler                           0x00000511   Thumb Code     0  startup_mk64f12.o(.text)
    UART0_ERR_DriverIRQHandler               0x00000511   Thumb Code     0  startup_mk64f12.o(.text)
    UART0_LON_DriverIRQHandler               0x00000511   Thumb Code     0  startup_mk64f12.o(.text)
    UART1_ERR_DriverIRQHandler               0x00000511   Thumb Code     0  startup_mk64f12.o(.text)
    UART2_ERR_DriverIRQHandler               0x00000511   Thumb Code     0  startup_mk64f12.o(.text)
    UART3_ERR_DriverIRQHandler               0x00000511   Thumb Code     0  startup_mk64f12.o(.text)
    UART4_ERR_DriverIRQHandler               0x00000511   Thumb Code     0  startup_mk64f12.o(.text)
    UART5_ERR_DriverIRQHandler               0x00000511   Thumb Code     0  startup_mk64f12.o(.text)
    USB0_IRQHandler                          0x00000511   Thumb Code     0  startup_mk64f12.o(.text)
    USBDCD_IRQHandler                        0x00000511   Thumb Code     0  startup_mk64f12.o(.text)
    WDOG_EWM_IRQHandler                      0x00000511   Thumb Code     0  startup_mk64f12.o(.text)
    __aeabi_uldivmod                         0x000005e9   Thumb Code    98  uldiv.o(.text)
    __aeabi_ldivmod                          0x0000064b   Thumb Code    98  ldiv.o(.text)
    __aeabi_memcpy                           0x000006ad   Thumb Code    36  memcpya.o(.text)
    __aeabi_memcpy4                          0x000006ad   Thumb Code     0  memcpya.o(.text)
    __aeabi_memcpy8                          0x000006ad   Thumb Code     0  memcpya.o(.text)
    __aeabi_memset                           0x000006d1   Thumb Code    14  memseta.o(.text)
    __aeabi_memset4                          0x000006d1   Thumb Code     0  memseta.o(.text)
    __aeabi_memset8                          0x000006d1   Thumb Code     0  memseta.o(.text)
    __aeabi_memclr                           0x000006df   Thumb Code     4  memseta.o(.text)
    __aeabi_memclr4                          0x000006df   Thumb Code     0  memseta.o(.text)
    __aeabi_memclr8                          0x000006df   Thumb Code     0  memseta.o(.text)
    _memset$wrapper                          0x000006e3   Thumb Code    18  memseta.o(.text)
    strstr                                   0x000006f5   Thumb Code    36  strstr.o(.text)
    strlen                                   0x00000719   Thumb Code    14  strlen.o(.text)
    strtoul                                  0x00000727   Thumb Code   114  strtoul.o(.text)
    __aeabi_dadd                             0x00000799   Thumb Code   322  dadd.o(.text)
    __aeabi_dsub                             0x000008db   Thumb Code     6  dadd.o(.text)
    __aeabi_drsub                            0x000008e1   Thumb Code     6  dadd.o(.text)
    __aeabi_dmul                             0x000008e7   Thumb Code   228  dmul.o(.text)
    __aeabi_ddiv                             0x000009cb   Thumb Code   222  ddiv.o(.text)
    __aeabi_i2d                              0x00000aa9   Thumb Code    34  dflti.o(.text)
    __aeabi_ui2d                             0x00000acb   Thumb Code    26  dfltui.o(.text)
    __aeabi_l2d                              0x00000ae5   Thumb Code    40  dfltl.o(.text)
    __aeabi_d2iz                             0x00000b0d   Thumb Code    62  dfixi.o(.text)
    __aeabi_d2lz                             0x00000b4b   Thumb Code    74  dfixl.o(.text)
    __aeabi_cdcmpeq                          0x00000b95   Thumb Code     0  cdcmple.o(.text)
    __aeabi_cdcmple                          0x00000b95   Thumb Code    48  cdcmple.o(.text)
    __aeabi_cdrcmple                         0x00000bc5   Thumb Code    48  cdrcmple.o(.text)
    __aeabi_llsl                             0x00000bf5   Thumb Code    30  llshl.o(.text)
    _ll_shift_l                              0x00000bf5   Thumb Code     0  llshl.o(.text)
    __aeabi_llsr                             0x00000c13   Thumb Code    32  llushr.o(.text)
    _ll_ushift_r                             0x00000c13   Thumb Code     0  llushr.o(.text)
    __aeabi_lasr                             0x00000c33   Thumb Code    36  llsshr.o(.text)
    _ll_sshift_r                             0x00000c33   Thumb Code     0  llsshr.o(.text)
    __rt_ctype_table                         0x00000c59   Thumb Code     4  ctype_o.o(.text)
    _strtoul                                 0x00000c61   Thumb Code   158  _strtoul.o(.text)
    __I$use$fp                               0x00000cff   Thumb Code     0  iusefp.o(.text)
    _double_round                            0x00000cff   Thumb Code    30  depilogue.o(.text)
    _double_epilogue                         0x00000d1d   Thumb Code   156  depilogue.o(.text)
    __ARM_scalbn                             0x00000db9   Thumb Code    46  dscalb.o(.text)
    scalbn                                   0x00000db9   Thumb Code     0  dscalb.o(.text)
    __scatterload                            0x00000de9   Thumb Code    28  init.o(.text)
    __scatterload_rt2                        0x00000de9   Thumb Code     0  init.o(.text)
    _chval                                   0x00000e0d   Thumb Code    28  _chval.o(.text)
    _dsqrt                                   0x00000e29   Thumb Code   162  dsqrt.o(.text)
    BOARD_BootClockRUN                       0x00000ecd   Thumb Code    78  clock_config.o(i.BOARD_BootClockRUN)
    BOARD_InitDebugConsole                   0x00000f31   Thumb Code    24  board.o(i.BOARD_InitDebugConsole)
    BOARD_InitPins                           0x00000f4d   Thumb Code   254  pin_mux.o(i.BOARD_InitPins)
    CLOCK_BootToPeeMode                      0x00001059   Thumb Code    68  fsl_clock.o(i.CLOCK_BootToPeeMode)
    CLOCK_EnablePll0                         0x0000110d   Thumb Code    78  fsl_clock.o(i.CLOCK_EnablePll0)
    CLOCK_GetBusClkFreq                      0x0000119d   Thumb Code    22  fsl_clock.o(i.CLOCK_GetBusClkFreq)
    CLOCK_GetCoreSysClkFreq                  0x000011b9   Thumb Code    22  fsl_clock.o(i.CLOCK_GetCoreSysClkFreq)
    CLOCK_GetEr32kClkFreq                    0x000011d5   Thumb Code    86  fsl_clock.o(i.CLOCK_GetEr32kClkFreq)
    CLOCK_GetFixedFreqClkFreq                0x00001279   Thumb Code    28  fsl_clock.o(i.CLOCK_GetFixedFreqClkFreq)
    CLOCK_GetFllFreq                         0x00001305   Thumb Code    66  fsl_clock.o(i.CLOCK_GetFllFreq)
    CLOCK_GetFreq                            0x00001371   Thumb Code   190  fsl_clock.o(i.CLOCK_GetFreq)
    CLOCK_GetInternalRefClkFreq              0x00001439   Thumb Code    22  fsl_clock.o(i.CLOCK_GetInternalRefClkFreq)
    CLOCK_GetOsc0ErClkFreq                   0x00001535   Thumb Code    42  fsl_clock.o(i.CLOCK_GetOsc0ErClkFreq)
    CLOCK_GetOutClkFreq                      0x000015c9   Thumb Code    56  fsl_clock.o(i.CLOCK_GetOutClkFreq)
    CLOCK_GetPll0Freq                        0x00001605   Thumb Code    52  fsl_clock.o(i.CLOCK_GetPll0Freq)
    CLOCK_GetPllFllSelClkFreq                0x00001645   Thumb Code    46  fsl_clock.o(i.CLOCK_GetPllFllSelClkFreq)
    CLOCK_InitOsc0                           0x0000167d   Thumb Code    98  fsl_clock.o(i.CLOCK_InitOsc0)
    CLOCK_SetExternalRefClkConfig            0x000016e9   Thumb Code    82  fsl_clock.o(i.CLOCK_SetExternalRefClkConfig)
    CLOCK_SetInternalRefClkConfig            0x00001741   Thumb Code   148  fsl_clock.o(i.CLOCK_SetInternalRefClkConfig)
    CLOCK_SetPbeMode                         0x000017d9   Thumb Code   108  fsl_clock.o(i.CLOCK_SetPbeMode)
    CLOCK_SetSimConfig                       0x00001849   Thumb Code    38  fsl_clock.o(i.CLOCK_SetSimConfig)
    DDIR                                     0x00001879   Thumb Code    30  swd_pin.o(i.DDIR)
    DELAY_US                                 0x0000189d   Thumb Code    28  swd_pin.o(i.DELAY_US)
    DOUT                                     0x000018bd   Thumb Code     6  swd_pin.o(i.DOUT)
    DbgConsole_Init                          0x00001c0d   Thumb Code   130  fsl_debug_console.o(i.DbgConsole_Init)
    DbgConsole_Printf                        0x00001c9d   Thumb Code    44  fsl_debug_console.o(i.DbgConsole_Printf)
    DbgConsole_Putchar                       0x000022e1   Thumb Code    30  fsl_debug_console.o(i.DbgConsole_Putchar)
    ERROR_TRACE                              0x00002305   Thumb Code    56  sdcard_fatfs.o(i.ERROR_TRACE)
    EVENT_Create                             0x0000235d   Thumb Code    26  event.o(i.EVENT_Create)
    EVENT_Delete                             0x00002377   Thumb Code    20  event.o(i.EVENT_Delete)
    EVENT_InitTimer                          0x000023a1   Thumb Code    84  event.o(i.EVENT_InitTimer)
    EVENT_Notify                             0x000023fd   Thumb Code    24  event.o(i.EVENT_Notify)
    EVENT_Wait                               0x00002415   Thumb Code    62  event.o(i.EVENT_Wait)
    GPIO_PinInit                             0x0000245d   Thumb Code    72  fsl_gpio.o(i.GPIO_PinInit)
    PIT0_IRQHandler                          0x000024e9   Thumb Code    36  sdcard_fatfs.o(i.PIT0_IRQHandler)
    PIT_Init                                 0x000025a5   Thumb Code    82  fsl_pit.o(i.PIT_Init)
    SDHC_Deinit                              0x000026b1   Thumb Code    36  fsl_sdhc.o(i.SDHC_Deinit)
    SDHC_DriverIRQHandler                    0x000026dd   Thumb Code    34  fsl_sdhc.o(i.SDHC_DriverIRQHandler)
    SDHC_GetCapability                       0x0000274d   Thumb Code    78  fsl_sdhc.o(i.SDHC_GetCapability)
    SDHC_Init                                0x000028dd   Thumb Code   170  fsl_sdhc.o(i.SDHC_Init)
    SDHC_Reset                               0x00002b55   Thumb Code    42  fsl_sdhc.o(i.SDHC_Reset)
    SDHC_SetAdmaTableConfig                  0x00002b81   Thumb Code   216  fsl_sdhc.o(i.SDHC_SetAdmaTableConfig)
    SDHC_SetCardActive                       0x00002c5d   Thumb Code    40  fsl_sdhc.o(i.SDHC_SetCardActive)
    SDHC_SetSdClock                          0x00002c85   Thumb Code   162  fsl_sdhc.o(i.SDHC_SetSdClock)
    SDHC_SetTransferConfig                   0x00002d8d   Thumb Code    74  fsl_sdhc.o(i.SDHC_SetTransferConfig)
    SDHC_TransferCreateHandle                0x00002fed   Thumb Code   134  fsl_sdhc.o(i.SDHC_TransferCreateHandle)
    SDHC_TransferHandleIRQ                   0x00003309   Thumb Code   122  fsl_sdhc.o(i.SDHC_TransferHandleIRQ)
    SDHC_TransferNonBlocking                 0x000033e5   Thumb Code   172  fsl_sdhc.o(i.SDHC_TransferNonBlocking)
    SDMMC_GoIdle                             0x00003579   Thumb Code    66  fsl_sdmmc.o(i.SDMMC_GoIdle)
    SDMMC_SelectCard                         0x00003601   Thumb Code   102  fsl_sdmmc.o(i.SDMMC_SelectCard)
    SDMMC_SendApplicationCommand             0x000036b1   Thumb Code   106  fsl_sdmmc.o(i.SDMMC_SendApplicationCommand)
    SDMMC_SetBlockSize                       0x00003765   Thumb Code    86  fsl_sdmmc.o(i.SDMMC_SetBlockSize)
    SDMMC_StopTransmission                   0x00003805   Thumb Code    92  fsl_sdmmc.o(i.SDMMC_StopTransmission)
    SDMMC_WaitWriteComplete                  0x000038a9   Thumb Code   114  fsl_sdmmc.o(i.SDMMC_WaitWriteComplete)
    SD_Deinit                                0x00003ebd   Thumb Code    30  fsl_sd.o(i.SD_Deinit)
    SD_Init                                  0x00003f75   Thumb Code   396  fsl_sd.o(i.SD_Init)
    SD_ReadBlocks                            0x00004379   Thumb Code   156  fsl_sd.o(i.SD_ReadBlocks)
    SD_WriteBlocks                           0x00004d5d   Thumb Code   156  fsl_sd.o(i.SD_WriteBlocks)
    SWD_Disconnect                           0x00004e49   Thumb Code    36  swd.o(i.SWD_Disconnect)
    SWD_PinDeInit                            0x00004e75   Thumb Code    34  sdcard_fatfs.o(i.SWD_PinDeInit)
    SWD_PinInit                              0x00004e9d   Thumb Code   164  sdcard_fatfs.o(i.SWD_PinInit)
    SWD_Transfer                             0x00004f89   Thumb Code    44  swd.o(i.SWD_Transfer)
    SWD_TransferOnce                         0x00004fb5   Thumb Code   378  swd.o(i.SWD_TransferOnce)
    SWJ_InitDebug                            0x00005131   Thumb Code    90  swd.o(i.SWJ_InitDebug)
    SWJ_JTAG2SWD                             0x00005191   Thumb Code    38  swd.o(i.SWJ_JTAG2SWD)
    SWJ_ReadAP                               0x000051b7   Thumb Code    78  swd.o(i.SWJ_ReadAP)
    SWJ_ReadDP                               0x00005265   Thumb Code    44  swd.o(i.SWJ_ReadDP)
    SWJ_SetTargetState                       0x00005329   Thumb Code   176  swd.o(i.SWJ_SetTargetState)
    SWJ_WriteAP                              0x00005415   Thumb Code    70  swd.o(i.SWJ_WriteAP)
    SWJ_WriteDP                              0x00005519   Thumb Code    36  swd.o(i.SWJ_WriteDP)
    SWJ_WriteMem                             0x00005573   Thumb Code    20  swd.o(i.SWJ_WriteMem)
    SWJ_WriteMem32                           0x00005589   Thumb Code    28  swd.o(i.SWJ_WriteMem32)
    SW_PinInit                               0x000055d5   Thumb Code    28  swd_pin.o(i.SW_PinInit)
    SW_READ_BIT                              0x000055f1   Thumb Code    34  swd_pin.o(i.SW_READ_BIT)
    SW_WRITE_BIT                             0x00005619   Thumb Code    36  swd_pin.o(i.SW_WRITE_BIT)
    SysTick_Handler                          0x0000563d   Thumb Code    12  event.o(i.SysTick_Handler)
    SystemInit                               0x0000564d   Thumb Code    22  system_mk64f12.o(i.SystemInit)
    TCK                                      0x00005669   Thumb Code     6  swd_pin.o(i.TCK)
    TRST                                     0x00005675   Thumb Code     6  swd_pin.o(i.TRST)
    UART0_DriverIRQHandler                   0x00005681   Thumb Code    16  fsl_uart.o(i.UART0_DriverIRQHandler)
    UART0_RX_TX_DriverIRQHandler             0x0000569d   Thumb Code     8  fsl_uart.o(i.UART0_RX_TX_DriverIRQHandler)
    UART1_DriverIRQHandler                   0x000056a5   Thumb Code    16  fsl_uart.o(i.UART1_DriverIRQHandler)
    UART1_RX_TX_DriverIRQHandler             0x000056c1   Thumb Code     8  fsl_uart.o(i.UART1_RX_TX_DriverIRQHandler)
    UART2_DriverIRQHandler                   0x000056c9   Thumb Code    16  fsl_uart.o(i.UART2_DriverIRQHandler)
    UART2_RX_TX_DriverIRQHandler             0x000056e5   Thumb Code     8  fsl_uart.o(i.UART2_RX_TX_DriverIRQHandler)
    UART3_DriverIRQHandler                   0x000056ed   Thumb Code    16  fsl_uart.o(i.UART3_DriverIRQHandler)
    UART3_RX_TX_DriverIRQHandler             0x00005709   Thumb Code     8  fsl_uart.o(i.UART3_RX_TX_DriverIRQHandler)
    UART4_DriverIRQHandler                   0x00005711   Thumb Code    16  fsl_uart.o(i.UART4_DriverIRQHandler)
    UART4_RX_TX_DriverIRQHandler             0x0000572d   Thumb Code     8  fsl_uart.o(i.UART4_RX_TX_DriverIRQHandler)
    UART5_DriverIRQHandler                   0x00005735   Thumb Code    16  fsl_uart.o(i.UART5_DriverIRQHandler)
    UART5_RX_TX_DriverIRQHandler             0x00005751   Thumb Code     8  fsl_uart.o(i.UART5_RX_TX_DriverIRQHandler)
    UART_GetDefaultConfig                    0x00005759   Thumb Code    46  fsl_uart.o(i.UART_GetDefaultConfig)
    UART_GetInstance                         0x000057c5   Thumb Code    50  fsl_uart.o(i.UART_GetInstance)
    UART_GetStatusFlags                      0x0000584d   Thumb Code    24  fsl_uart.o(i.UART_GetStatusFlags)
    UART_Init                                0x00005865   Thumb Code   360  fsl_uart.o(i.UART_Init)
    UART_ReadBlocking                        0x00005aa9   Thumb Code    92  fsl_uart.o(i.UART_ReadBlocking)
    UART_WriteBlocking                       0x00005b05   Thumb Code    32  fsl_uart.o(i.UART_WriteBlocking)
    __0printf$8                              0x00005b25   Thumb Code    22  printf8.o(i.__0printf$8)
    __1printf$8                              0x00005b25   Thumb Code     0  printf8.o(i.__0printf$8)
    __2printf                                0x00005b25   Thumb Code     0  printf8.o(i.__0printf$8)
    __ARM_fpclassify                         0x00005b45   Thumb Code    40  fpclassify.o(i.__ARM_fpclassify)
    __aeabi_assert                           0x00005b6d   Thumb Code    24  fsl_common.o(i.__aeabi_assert)
    __aeabi_errno_addr                       0x00005bb1   Thumb Code     4  errno.o(i.__aeabi_errno_addr)
    __rt_errno_addr                          0x00005bb1   Thumb Code     0  errno.o(i.__aeabi_errno_addr)
    __kernel_poly                            0x00005bb9   Thumb Code   170  poly.o(i.__kernel_poly)
    __mathlib_dbl_divzero                    0x00005c65   Thumb Code    12  dunder.o(i.__mathlib_dbl_divzero)
    __mathlib_dbl_infnan2                    0x00005c75   Thumb Code     4  dunder.o(i.__mathlib_dbl_infnan2)
    __mathlib_dbl_invalid                    0x00005c79   Thumb Code    12  dunder.o(i.__mathlib_dbl_invalid)
    __mathlib_dbl_overflow                   0x00005c85   Thumb Code    14  dunder.o(i.__mathlib_dbl_overflow)
    __mathlib_dbl_underflow                  0x00005c95   Thumb Code    10  dunder.o(i.__mathlib_dbl_underflow)
    __scatterload_copy                       0x00005ca5   Thumb Code    14  handlers.o(i.__scatterload_copy)
    __scatterload_null                       0x00005cb3   Thumb Code     2  handlers.o(i.__scatterload_null)
    __scatterload_zeroinit                   0x00005cb5   Thumb Code    14  handlers.o(i.__scatterload_zeroinit)
    __set_errno                              0x00005cc5   Thumb Code     6  errno.o(i.__set_errno)
    clust2sect                               0x000061d9   Thumb Code    26  ff.o(i.clust2sect)
    delay                                    0x0000647d   Thumb Code    28  sdcard_fatfs.o(i.delay)
    disk_initialize                          0x00006737   Thumb Code    28  diskio.o(i.disk_initialize)
    disk_ioctl                               0x00006753   Thumb Code    40  diskio.o(i.disk_ioctl)
    disk_read                                0x0000677b   Thumb Code    44  diskio.o(i.disk_read)
    disk_status                              0x000067a7   Thumb Code    28  diskio.o(i.disk_status)
    disk_write                               0x000067c3   Thumb Code    44  diskio.o(i.disk_write)
    f_chdrive                                0x000067f1   Thumb Code    26  ff.o(i.f_chdrive)
    f_close                                  0x00006811   Thumb Code    32  ff.o(i.f_close)
    f_mount                                  0x00006831   Thumb Code    86  ff.o(i.f_mount)
    f_open                                   0x0000688d   Thumb Code   372  ff.o(i.f_open)
    f_read                                   0x00006a05   Thumb Code   416  ff.o(i.f_read)
    f_sync                                   0x00006ba5   Thumb Code   172  ff.o(i.f_sync)
    fputc                                    0x0000709d   Thumb Code    32  fsl_debug_console.o(i.fputc)
    get_fat                                  0x000070c1   Thumb Code   242  ff.o(i.get_fat)
    main                                     0x00007225   Thumb Code   618  sdcard_fatfs.o(i.main)
    measure_freq                             0x00007661   Thumb Code   420  sdcard_fatfs.o(i.measure_freq)
    modf                                     0x000078d1   Thumb Code   142  modf.o(i.modf)
    pow                                      0x00007999   Thumb Code  2512  pow.o(i.pow)
    put_fat                                  0x00008581   Thumb Code   322  ff.o(i.put_fat)
    sd_disk_initialize                       0x0000879d   Thumb Code   194  fsl_sd_disk.o(i.sd_disk_initialize)
    sd_disk_ioctl                            0x00008879   Thumb Code    92  fsl_sd_disk.o(i.sd_disk_ioctl)
    sd_disk_read                             0x000088d9   Thumb Code    44  fsl_sd_disk.o(i.sd_disk_read)
    sd_disk_status                           0x00008909   Thumb Code    14  fsl_sd_disk.o(i.sd_disk_status)
    sd_disk_write                            0x00008919   Thumb Code    44  fsl_sd_disk.o(i.sd_disk_write)
    sdhc_transfer_complete_callback          0x00008949   Thumb Code    38  fsl_sd_disk.o(i.sdhc_transfer_complete_callback)
    security_bits_set                        0x000089bd   Thumb Code    46  flash_kientis.o(i.security_bits_set)
    set_swd_speed                            0x000089ed   Thumb Code     6  swd_pin.o(i.set_swd_speed)
    sqrt                                     0x000089f9   Thumb Code    76  sqrt.o(i.sqrt)
    swd_flash_syscall_exec                   0x00008a55   Thumb Code   102  swd.o(i.swd_flash_syscall_exec)
    swd_write_debug_state                    0x00008abd   Thumb Code   100  swd.o(i.swd_write_debug_state)
    swd_write_memory                         0x00008b29   Thumb Code   106  swd.o(i.swd_write_memory)
    target_flash_erase_sector                0x00008cad   Thumb Code    32  flash_kientis.o(i.target_flash_erase_sector)
    target_flash_init                        0x00008ccd   Thumb Code    64  flash_kientis.o(i.target_flash_init)
    target_flash_program_page                0x00008d0d   Thumb Code    98  flash_kientis.o(i.target_flash_program_page)
    target_flash_unlock_sequence             0x00008d71   Thumb Code   176  flash_kientis.o(i.target_flash_unlock_sequence)
    g_defaultClockConfigVlpr                 0x00008f60   Data          32  clock_config.o(.constdata)
    g_defaultClockConfigRun                  0x00008f80   Data          32  clock_config.o(.constdata)
    flash                                    0x00009134   Data          52  flash_kinetis_algorithm.o(.constdata)
    __mathlib_zero                           0x000091f0   Data           8  qnan.o(.constdata)
    __ctype_table                            0x000091f8   Data         129  ctype_o.o(.constdata)
    Region$$Table$$Base                      0x00009320   Number         0  anon$$obj.o(Region$$Table)
    Region$$Table$$Limit                     0x00009340   Number         0  anon$$obj.o(Region$$Table)
    Image$$RW_m_data$$Base                   0x1fff0000   Number         0  anon$$obj.o ABSOLUTE
    SystemCoreClock                          0x20000000   Data           4  system_mk64f12.o(.data)
    g_xtal0Freq                              0x20000014   Data           4  fsl_clock.o(.data)
    g_xtal32Freq                             0x20000018   Data           4  fsl_clock.o(.data)
    AlgorithmTbl                             0x2000001c   Data         180  sdcard_fatfs.o(.data)
    trim_val                                 0x200000d8   Data           1  sdcard_fatfs.o(.data)
    __stdout                                 0x200000f8   Data           4  fsl_debug_console.o(.data)
    __stdin                                  0x200000fc   Data           4  fsl_debug_console.o(.data)
    g_sdhcAdmaTable                          0x200019d4   Data          32  fsl_sd_disk.o(.bss)
    g_sdhcHandle                             0x200019f4   Data          40  fsl_sd_disk.o(.bss)
    Image$$ARM_LIB_STACK$$ZI$$Limit          0x20030000   Number         0  anon$$obj.o ABSOLUTE



==============================================================================

Memory Map of the image

  Image Entry point : 0x00000411

  Load Region LR_m_text (Base: 0x00000410, Size: 0x00009038, Max: 0x000ffbf0, ABSOLUTE)

    Execution Region ER_m_text (Exec base: 0x00000410, Load base: 0x00000410, Size: 0x00008f30, Max: 0x000ffbf0, ABSOLUTE)

    Exec Addr    Load Addr    Size         Type   Attr      Idx    E Section Name        Object

    0x00000410   0x00000410   0x00000000   Code   RO         3012  * .ARM.Collect$$$$00000000  mc_w.l(entry.o)
    0x00000410   0x00000410   0x00000004   Code   RO         3341    .ARM.Collect$$$$00000003  mc_w.l(entry4.o)
    0x00000414   0x00000414   0x00000004   Code   RO         3344    .ARM.Collect$$$$00000004  mc_w.l(entry5.o)
    0x00000418   0x00000418   0x00000000   Code   RO         3346    .ARM.Collect$$$$00000008  mc_w.l(entry7b.o)
    0x00000418   0x00000418   0x00000000   Code   RO         3348    .ARM.Collect$$$$0000000A  mc_w.l(entry8b.o)
    0x00000418   0x00000418   0x00000008   Code   RO         3349    .ARM.Collect$$$$0000000B  mc_w.l(entry9a.o)
    0x00000420   0x00000420   0x00000000   Code   RO         3351    .ARM.Collect$$$$0000000D  mc_w.l(entry10a.o)
    0x00000420   0x00000420   0x00000000   Code   RO         3353    .ARM.Collect$$$$0000000F  mc_w.l(entry11a.o)
    0x00000420   0x00000420   0x00000004   Code   RO         3342    .ARM.Collect$$$$00002714  mc_w.l(entry4.o)
    0x00000424   0x00000424   0x00000004   Code   RO         2263    .rev16_text         fsl_sd.o
    0x00000428   0x00000428   0x000001c0   Code   RO            6    .text               startup_mk64f12.o
    0x000005e8   0x000005e8   0x00000062   Code   RO         3015    .text               mc_w.l(uldiv.o)
    0x0000064a   0x0000064a   0x00000062   Code   RO         3017    .text               mc_w.l(ldiv.o)
    0x000006ac   0x000006ac   0x00000024   Code   RO         3019    .text               mc_w.l(memcpya.o)
    0x000006d0   0x000006d0   0x00000024   Code   RO         3021    .text               mc_w.l(memseta.o)
    0x000006f4   0x000006f4   0x00000024   Code   RO         3023    .text               mc_w.l(strstr.o)
    0x00000718   0x00000718   0x0000000e   Code   RO         3025    .text               mc_w.l(strlen.o)
    0x00000726   0x00000726   0x00000072   Code   RO         3290    .text               mc_w.l(strtoul.o)
    0x00000798   0x00000798   0x0000014e   Code   RO         3292    .text               mf_w.l(dadd.o)
    0x000008e6   0x000008e6   0x000000e4   Code   RO         3294    .text               mf_w.l(dmul.o)
    0x000009ca   0x000009ca   0x000000de   Code   RO         3296    .text               mf_w.l(ddiv.o)
    0x00000aa8   0x00000aa8   0x00000022   Code   RO         3298    .text               mf_w.l(dflti.o)
    0x00000aca   0x00000aca   0x0000001a   Code   RO         3300    .text               mf_w.l(dfltui.o)
    0x00000ae4   0x00000ae4   0x00000028   Code   RO         3302    .text               mf_w.l(dfltl.o)
    0x00000b0c   0x00000b0c   0x0000003e   Code   RO         3304    .text               mf_w.l(dfixi.o)
    0x00000b4a   0x00000b4a   0x0000004a   Code   RO         3306    .text               mf_w.l(dfixl.o)
    0x00000b94   0x00000b94   0x00000030   Code   RO         3308    .text               mf_w.l(cdcmple.o)
    0x00000bc4   0x00000bc4   0x00000030   Code   RO         3310    .text               mf_w.l(cdrcmple.o)
    0x00000bf4   0x00000bf4   0x0000001e   Code   RO         3357    .text               mc_w.l(llshl.o)
    0x00000c12   0x00000c12   0x00000020   Code   RO         3359    .text               mc_w.l(llushr.o)
    0x00000c32   0x00000c32   0x00000024   Code   RO         3361    .text               mc_w.l(llsshr.o)
    0x00000c56   0x00000c56   0x00000002   PAD
    0x00000c58   0x00000c58   0x00000008   Code   RO         3363    .text               mc_w.l(ctype_o.o)
    0x00000c60   0x00000c60   0x0000009e   Code   RO         3398    .text               mc_w.l(_strtoul.o)
    0x00000cfe   0x00000cfe   0x00000000   Code   RO         3402    .text               mc_w.l(iusefp.o)
    0x00000cfe   0x00000cfe   0x000000ba   Code   RO         3405    .text               mf_w.l(depilogue.o)
    0x00000db8   0x00000db8   0x0000002e   Code   RO         3407    .text               mf_w.l(dscalb.o)
    0x00000de6   0x00000de6   0x00000002   PAD
    0x00000de8   0x00000de8   0x00000024   Code   RO         3411    .text               mc_w.l(init.o)
    0x00000e0c   0x00000e0c   0x0000001c   Code   RO         3415    .text               mc_w.l(_chval.o)
    0x00000e28   0x00000e28   0x000000a2   Code   RO         3423    .text               mf_w.l(dsqrt.o)
    0x00000eca   0x00000eca   0x00000002   PAD
    0x00000ecc   0x00000ecc   0x00000064   Code   RO         2109    i.BOARD_BootClockRUN  clock_config.o
    0x00000f30   0x00000f30   0x0000001c   Code   RO         2078    i.BOARD_InitDebugConsole  board.o
    0x00000f4c   0x00000f4c   0x0000010c   Code   RO         2036    i.BOARD_InitPins    pin_mux.o
    0x00001058   0x00001058   0x00000084   Code   RO          831    i.CLOCK_BootToPeeMode  fsl_clock.o
    0x000010dc   0x000010dc   0x00000018   Code   RO         1338    i.CLOCK_EnableClock  sdcard_fatfs.o
    0x000010f4   0x000010f4   0x00000018   Code   RO         2037    i.CLOCK_EnableClock  pin_mux.o
    0x0000110c   0x0000110c   0x00000090   Code   RO          835    i.CLOCK_EnablePll0  fsl_clock.o
    0x0000119c   0x0000119c   0x0000001c   Code   RO          839    i.CLOCK_GetBusClkFreq  fsl_clock.o
    0x000011b8   0x000011b8   0x0000001c   Code   RO          840    i.CLOCK_GetCoreSysClkFreq  fsl_clock.o
    0x000011d4   0x000011d4   0x000000a4   Code   RO          841    i.CLOCK_GetEr32kClkFreq  fsl_clock.o
    0x00001278   0x00001278   0x0000001c   Code   RO          842    i.CLOCK_GetFixedFreqClkFreq  fsl_clock.o
    0x00001294   0x00001294   0x00000070   Code   RO          845    i.CLOCK_GetFllExtRefClkFreq  fsl_clock.o
    0x00001304   0x00001304   0x0000004c   Code   RO          846    i.CLOCK_GetFllFreq  fsl_clock.o
    0x00001350   0x00001350   0x00000020   Code   RO          847    i.CLOCK_GetFllRefClkFreq  fsl_clock.o
    0x00001370   0x00001370   0x000000c8   Code   RO          848    i.CLOCK_GetFreq     fsl_clock.o
    0x00001438   0x00001438   0x0000001c   Code   RO          849    i.CLOCK_GetInternalRefClkFreq  fsl_clock.o
    0x00001454   0x00001454   0x0000002c   Code   RO          850    i.CLOCK_GetInternalRefClkSelectFreq  fsl_clock.o
    0x00001480   0x00001480   0x000000b4   Code   RO          851    i.CLOCK_GetMcgExtClkFreq  fsl_clock.o
    0x00001534   0x00001534   0x00000074   Code   RO          853    i.CLOCK_GetOsc0ErClkFreq  fsl_clock.o
    0x000015a8   0x000015a8   0x00000020   Code   RO          854    i.CLOCK_GetOscRangeFromFreq  fsl_clock.o
    0x000015c8   0x000015c8   0x0000003c   Code   RO          855    i.CLOCK_GetOutClkFreq  fsl_clock.o
    0x00001604   0x00001604   0x00000038   Code   RO          857    i.CLOCK_GetPll0Freq  fsl_clock.o
    0x0000163c   0x0000163c   0x00000008   Code   RO          858    i.CLOCK_GetPll0RefFreq  fsl_clock.o
    0x00001644   0x00001644   0x00000038   Code   RO          859    i.CLOCK_GetPllFllSelClkFreq  fsl_clock.o
    0x0000167c   0x0000167c   0x0000006c   Code   RO          861    i.CLOCK_InitOsc0    fsl_clock.o
    0x000016e8   0x000016e8   0x00000058   Code   RO          865    i.CLOCK_SetExternalRefClkConfig  fsl_clock.o
    0x00001740   0x00001740   0x00000098   Code   RO          870    i.CLOCK_SetInternalRefClkConfig  fsl_clock.o
    0x000017d8   0x000017d8   0x00000070   Code   RO          873    i.CLOCK_SetPbeMode  fsl_clock.o
    0x00001848   0x00001848   0x00000030   Code   RO          877    i.CLOCK_SetSimConfig  fsl_clock.o
    0x00001878   0x00001878   0x00000024   Code   RO         2866    i.DDIR              swd_pin.o
    0x0000189c   0x0000189c   0x00000020   Code   RO         2867    i.DELAY_US          swd_pin.o
    0x000018bc   0x000018bc   0x0000000c   Code   RO         2868    i.DOUT              swd_pin.o
    0x000018c8   0x000018c8   0x000001f8   Code   RO         2149    i.DbgConsole_ConvertFloatRadixNumToString  fsl_debug_console.o
    0x00001ac0   0x00001ac0   0x0000014c   Code   RO         2150    i.DbgConsole_ConvertRadixNumToString  fsl_debug_console.o
    0x00001c0c   0x00001c0c   0x00000090   Code   RO         2153    i.DbgConsole_Init   fsl_debug_console.o
    0x00001c9c   0x00001c9c   0x00000034   Code   RO         2154    i.DbgConsole_Printf  fsl_debug_console.o
    0x00001cd0   0x00001cd0   0x000005e8   Code   RO         2155    i.DbgConsole_PrintfFormattedData  fsl_debug_console.o
    0x000022b8   0x000022b8   0x00000028   Code   RO         2156    i.DbgConsole_PrintfPaddingCharacter  fsl_debug_console.o
    0x000022e0   0x000022e0   0x00000024   Code   RO         2157    i.DbgConsole_Putchar  fsl_debug_console.o
    0x00002304   0x00002304   0x00000058   Code   RO         1339    i.ERROR_TRACE       sdcard_fatfs.o
    0x0000235c   0x0000235c   0x0000001a   Code   RO         1513    i.EVENT_Create      event.o
    0x00002376   0x00002376   0x00000014   Code   RO         1514    i.EVENT_Delete      event.o
    0x0000238a   0x0000238a   0x00000002   PAD
    0x0000238c   0x0000238c   0x00000014   Code   RO         1515    i.EVENT_GetInstance  event.o
    0x000023a0   0x000023a0   0x0000005c   Code   RO         1516    i.EVENT_InitTimer   event.o
    0x000023fc   0x000023fc   0x00000018   Code   RO         1517    i.EVENT_Notify      event.o
    0x00002414   0x00002414   0x00000044   Code   RO         1518    i.EVENT_Wait        event.o
    0x00002458   0x00002458   0x00000004   Code   RO         1340    i.GPIO_ClearPinsOutput  sdcard_fatfs.o
    0x0000245c   0x0000245c   0x00000084   Code   RO          365    i.GPIO_PinInit      fsl_gpio.o
    0x000024e0   0x000024e0   0x00000004   Code   RO         1341    i.GPIO_SetPinsOutput  sdcard_fatfs.o
    0x000024e4   0x000024e4   0x00000004   Code   RO         1342    i.GPIO_TogglePinsOutput  sdcard_fatfs.o
    0x000024e8   0x000024e8   0x0000002c   Code   RO         1343    i.PIT0_IRQHandler   sdcard_fatfs.o
    0x00002514   0x00002514   0x00000090   Code   RO         1299    i.PIT_GetInstance   fsl_pit.o
    0x000025a4   0x000025a4   0x00000098   Code   RO         1300    i.PIT_Init          fsl_pit.o
    0x0000263c   0x0000263c   0x00000060   Code   RO         2038    i.PORT_SetPinConfig  pin_mux.o
    0x0000269c   0x0000269c   0x0000000e   Code   RO         2039    i.PORT_SetPinMux    pin_mux.o
    0x000026aa   0x000026aa   0x00000004   Code   RO          498    i.SDHC_ClearInterruptStatusFlags  fsl_sdhc.o
    0x000026ae   0x000026ae   0x00000002   PAD
    0x000026b0   0x000026b0   0x0000002c   Code   RO          499    i.SDHC_Deinit       fsl_sdhc.o
    0x000026dc   0x000026dc   0x00000070   Code   RO          500    i.SDHC_DriverIRQHandler  fsl_sdhc.o
    0x0000274c   0x0000274c   0x00000090   Code   RO          502    i.SDHC_GetCapability  fsl_sdhc.o
    0x000027dc   0x000027dc   0x00000064   Code   RO          503    i.SDHC_GetCommandResponse  fsl_sdhc.o
    0x00002840   0x00002840   0x00000090   Code   RO          504    i.SDHC_GetInstance  fsl_sdhc.o
    0x000028d0   0x000028d0   0x00000006   Code   RO          505    i.SDHC_GetInterruptStatusFlags  fsl_sdhc.o
    0x000028d6   0x000028d6   0x00000006   Code   RO          506    i.SDHC_GetPresentStatusFlags  fsl_sdhc.o
    0x000028dc   0x000028dc   0x00000118   Code   RO          507    i.SDHC_Init         fsl_sdhc.o
    0x000029f4   0x000029f4   0x000000a4   Code   RO          509    i.SDHC_ReadDataPort  fsl_sdhc.o
    0x00002a98   0x00002a98   0x000000bc   Code   RO          510    i.SDHC_ReceiveCommandResponse  fsl_sdhc.o
    0x00002b54   0x00002b54   0x0000002a   Code   RO          511    i.SDHC_Reset        fsl_sdhc.o
    0x00002b7e   0x00002b7e   0x00000002   PAD
    0x00002b80   0x00002b80   0x000000dc   Code   RO          513    i.SDHC_SetAdmaTableConfig  fsl_sdhc.o
    0x00002c5c   0x00002c5c   0x00000028   Code   RO          514    i.SDHC_SetCardActive  fsl_sdhc.o
    0x00002c84   0x00002c84   0x00000108   Code   RO          516    i.SDHC_SetSdClock   fsl_sdhc.o
    0x00002d8c   0x00002d8c   0x00000090   Code   RO          517    i.SDHC_SetTransferConfig  fsl_sdhc.o
    0x00002e1c   0x00002e1c   0x000000ac   Code   RO          518    i.SDHC_SetTransferInterrupt  fsl_sdhc.o
    0x00002ec8   0x00002ec8   0x00000124   Code   RO          519    i.SDHC_StartTransfer  fsl_sdhc.o
    0x00002fec   0x00002fec   0x000000d8   Code   RO          523    i.SDHC_TransferCreateHandle  fsl_sdhc.o
    0x000030c4   0x000030c4   0x00000090   Code   RO          525    i.SDHC_TransferHandleCardDetect  fsl_sdhc.o
    0x00003154   0x00003154   0x000000b8   Code   RO          526    i.SDHC_TransferHandleCommand  fsl_sdhc.o
    0x0000320c   0x0000320c   0x000000fc   Code   RO          527    i.SDHC_TransferHandleData  fsl_sdhc.o
    0x00003308   0x00003308   0x000000c0   Code   RO          528    i.SDHC_TransferHandleIRQ  fsl_sdhc.o
    0x000033c8   0x000033c8   0x0000000e   Code   RO          529    i.SDHC_TransferHandleSdioBlockGap  fsl_sdhc.o
    0x000033d6   0x000033d6   0x0000000e   Code   RO          530    i.SDHC_TransferHandleSdioInterrupt  fsl_sdhc.o
    0x000033e4   0x000033e4   0x000000ec   Code   RO          531    i.SDHC_TransferNonBlocking  fsl_sdhc.o
    0x000034d0   0x000034d0   0x000000a8   Code   RO          533    i.SDHC_WriteDataPort  fsl_sdhc.o
    0x00003578   0x00003578   0x00000088   Code   RO         2632    i.SDMMC_GoIdle      fsl_sdmmc.o
    0x00003600   0x00003600   0x000000b0   Code   RO         2633    i.SDMMC_SelectCard  fsl_sdmmc.o
    0x000036b0   0x000036b0   0x000000b4   Code   RO         2634    i.SDMMC_SendApplicationCommand  fsl_sdmmc.o
    0x00003764   0x00003764   0x000000a0   Code   RO         2636    i.SDMMC_SetBlockSize  fsl_sdmmc.o
    0x00003804   0x00003804   0x000000a4   Code   RO         2637    i.SDMMC_StopTransmission  fsl_sdmmc.o
    0x000038a8   0x000038a8   0x000000bc   Code   RO         2638    i.SDMMC_WaitWriteComplete  fsl_sdmmc.o
    0x00003964   0x00003964   0x000000a0   Code   RO         2266    i.SD_AllSendCid     fsl_sd.o
    0x00003a04   0x00003a04   0x000000cc   Code   RO         2267    i.SD_ApplicationSendOperationCondition  fsl_sd.o
    0x00003ad0   0x00003ad0   0x000000b8   Code   RO         2269    i.SD_DecodeCid      fsl_sd.o
    0x00003b88   0x00003b88   0x0000022c   Code   RO         2270    i.SD_DecodeCsd      fsl_sd.o
    0x00003db4   0x00003db4   0x00000108   Code   RO         2271    i.SD_DecodeScr      fsl_sd.o
    0x00003ebc   0x00003ebc   0x0000005c   Code   RO         2272    i.SD_Deinit         fsl_sd.o
    0x00003f18   0x00003f18   0x0000005c   Code   RO         2275    i.SD_GoIdle         fsl_sd.o
    0x00003f74   0x00003f74   0x000001f8   Code   RO         2276    i.SD_Init           fsl_sd.o
    0x0000416c   0x0000416c   0x0000020c   Code   RO         2277    i.SD_Read           fsl_sd.o
    0x00004378   0x00004378   0x000000ec   Code   RO         2278    i.SD_ReadBlocks     fsl_sd.o
    0x00004464   0x00004464   0x00000060   Code   RO         2279    i.SD_SelectCard     fsl_sd.o
    0x000044c4   0x000044c4   0x0000005c   Code   RO         2280    i.SD_SendApplicationCmd  fsl_sd.o
    0x00004520   0x00004520   0x000000a0   Code   RO         2281    i.SD_SendCsd        fsl_sd.o
    0x000045c0   0x000045c0   0x0000009c   Code   RO         2282    i.SD_SendInterfaceCondition  fsl_sd.o
    0x0000465c   0x0000465c   0x00000094   Code   RO         2283    i.SD_SendRca        fsl_sd.o
    0x000046f0   0x000046f0   0x00000108   Code   RO         2284    i.SD_SendScr        fsl_sd.o
    0x000047f8   0x000047f8   0x00000060   Code   RO         2285    i.SD_SetBlockSize   fsl_sd.o
    0x00004858   0x00004858   0x000000c0   Code   RO         2286    i.SD_SetDataBusWidth  fsl_sd.o
    0x00004918   0x00004918   0x0000005c   Code   RO         2287    i.SD_StopTransmission  fsl_sd.o
    0x00004974   0x00004974   0x00000104   Code   RO         2288    i.SD_SwitchFunction  fsl_sd.o
    0x00004a78   0x00004a78   0x0000012c   Code   RO         2289    i.SD_SwitchHighspeed  fsl_sd.o
    0x00004ba4   0x00004ba4   0x000001b8   Code   RO         2290    i.SD_Write          fsl_sd.o
    0x00004d5c   0x00004d5c   0x000000ec   Code   RO         2291    i.SD_WriteBlocks    fsl_sd.o
    0x00004e48   0x00004e48   0x0000002c   Code   RO         2692    i.SWD_Disconnect    swd.o
    0x00004e74   0x00004e74   0x00000028   Code   RO         1344    i.SWD_PinDeInit     sdcard_fatfs.o
    0x00004e9c   0x00004e9c   0x000000ec   Code   RO         1345    i.SWD_PinInit       sdcard_fatfs.o
    0x00004f88   0x00004f88   0x0000002c   Code   RO         2693    i.SWD_Transfer      swd.o
    0x00004fb4   0x00004fb4   0x0000017a   Code   RO         2694    i.SWD_TransferOnce  swd.o
    0x0000512e   0x0000512e   0x00000002   PAD
    0x00005130   0x00005130   0x00000060   Code   RO         2695    i.SWJ_InitDebug     swd.o
    0x00005190   0x00005190   0x00000026   Code   RO         2696    i.SWJ_JTAG2SWD      swd.o
    0x000051b6   0x000051b6   0x0000004e   Code   RO         2697    i.SWJ_ReadAP        swd.o
    0x00005204   0x00005204   0x00000060   Code   RO         2699    i.SWJ_ReadCoreReg   swd.o
    0x00005264   0x00005264   0x0000002c   Code   RO         2700    i.SWJ_ReadDP        swd.o
    0x00005290   0x00005290   0x0000003a   Code   RO         2701    i.SWJ_ReadData      swd.o
    0x000052ca   0x000052ca   0x00000002   PAD
    0x000052cc   0x000052cc   0x00000020   Code   RO         2703    i.SWJ_ReadMem32     swd.o
    0x000052ec   0x000052ec   0x00000020   Code   RO         2705    i.SWJ_SendClock     swd.o
    0x0000530c   0x0000530c   0x0000001c   Code   RO         2706    i.SWJ_SendData      swd.o
    0x00005328   0x00005328   0x000000bc   Code   RO         2707    i.SWJ_SetTargetState  swd.o
    0x000053e4   0x000053e4   0x00000030   Code   RO         2708    i.SWJ_WaitUntilHalted  swd.o
    0x00005414   0x00005414   0x00000046   Code   RO         2709    i.SWJ_WriteAP       swd.o
    0x0000545a   0x0000545a   0x00000002   PAD
    0x0000545c   0x0000545c   0x00000078   Code   RO         2710    i.SWJ_WriteBlock    swd.o
    0x000054d4   0x000054d4   0x00000044   Code   RO         2711    i.SWJ_WriteCoreReg  swd.o
    0x00005518   0x00005518   0x00000024   Code   RO         2712    i.SWJ_WriteDP       swd.o
    0x0000553c   0x0000553c   0x00000036   Code   RO         2713    i.SWJ_WriteData     swd.o
    0x00005572   0x00005572   0x00000014   Code   RO         2714    i.SWJ_WriteMem      swd.o
    0x00005586   0x00005586   0x00000002   PAD
    0x00005588   0x00005588   0x00000020   Code   RO         2715    i.SWJ_WriteMem32    swd.o
    0x000055a8   0x000055a8   0x0000002c   Code   RO         2716    i.SWJ_WriteMem8     swd.o
    0x000055d4   0x000055d4   0x0000001c   Code   RO         2869    i.SW_PinInit        swd_pin.o
    0x000055f0   0x000055f0   0x00000028   Code   RO         2870    i.SW_READ_BIT       swd_pin.o
    0x00005618   0x00005618   0x00000024   Code   RO         2871    i.SW_WRITE_BIT      swd_pin.o
    0x0000563c   0x0000563c   0x00000010   Code   RO         1519    i.SysTick_Handler   event.o
    0x0000564c   0x0000564c   0x0000001c   Code   RO           16    i.SystemInit        system_mk64f12.o
    0x00005668   0x00005668   0x0000000c   Code   RO         2872    i.TCK               swd_pin.o
    0x00005674   0x00005674   0x0000000c   Code   RO         2873    i.TRST              swd_pin.o
    0x00005680   0x00005680   0x0000001c   Code   RO           80    i.UART0_DriverIRQHandler  fsl_uart.o
    0x0000569c   0x0000569c   0x00000008   Code   RO           81    i.UART0_RX_TX_DriverIRQHandler  fsl_uart.o
    0x000056a4   0x000056a4   0x0000001c   Code   RO           82    i.UART1_DriverIRQHandler  fsl_uart.o
    0x000056c0   0x000056c0   0x00000008   Code   RO           83    i.UART1_RX_TX_DriverIRQHandler  fsl_uart.o
    0x000056c8   0x000056c8   0x0000001c   Code   RO           84    i.UART2_DriverIRQHandler  fsl_uart.o
    0x000056e4   0x000056e4   0x00000008   Code   RO           85    i.UART2_RX_TX_DriverIRQHandler  fsl_uart.o
    0x000056ec   0x000056ec   0x0000001c   Code   RO           86    i.UART3_DriverIRQHandler  fsl_uart.o
    0x00005708   0x00005708   0x00000008   Code   RO           87    i.UART3_RX_TX_DriverIRQHandler  fsl_uart.o
    0x00005710   0x00005710   0x0000001c   Code   RO           88    i.UART4_DriverIRQHandler  fsl_uart.o
    0x0000572c   0x0000572c   0x00000008   Code   RO           89    i.UART4_RX_TX_DriverIRQHandler  fsl_uart.o
    0x00005734   0x00005734   0x0000001c   Code   RO           90    i.UART5_DriverIRQHandler  fsl_uart.o
    0x00005750   0x00005750   0x00000008   Code   RO           91    i.UART5_RX_TX_DriverIRQHandler  fsl_uart.o
    0x00005758   0x00005758   0x0000006c   Code   RO           96    i.UART_GetDefaultConfig  fsl_uart.o
    0x000057c4   0x000057c4   0x00000088   Code   RO           98    i.UART_GetInstance  fsl_uart.o
    0x0000584c   0x0000584c   0x00000018   Code   RO           99    i.UART_GetStatusFlags  fsl_uart.o
    0x00005864   0x00005864   0x00000244   Code   RO          100    i.UART_Init         fsl_uart.o
    0x00005aa8   0x00005aa8   0x0000005c   Code   RO          101    i.UART_ReadBlocking  fsl_uart.o
    0x00005b04   0x00005b04   0x00000020   Code   RO          117    i.UART_WriteBlocking  fsl_uart.o
    0x00005b24   0x00005b24   0x00000020   Code   RO         3236    i.__0printf$8       mc_w.l(printf8.o)
    0x00005b44   0x00005b44   0x00000028   Code   RO         3328    i.__ARM_fpclassify  m_ws.l(fpclassify.o)
    0x00005b6c   0x00005b6c   0x00000044   Code   RO          725    i.__aeabi_assert    fsl_common.o
    0x00005bb0   0x00005bb0   0x00000008   Code   RO         3391    i.__aeabi_errno_addr  mc_w.l(errno.o)
    0x00005bb8   0x00005bb8   0x000000aa   Code   RO         3330    i.__kernel_poly     m_ws.l(poly.o)
    0x00005c62   0x00005c62   0x00000002   PAD
    0x00005c64   0x00005c64   0x00000010   Code   RO         3314    i.__mathlib_dbl_divzero  m_ws.l(dunder.o)
    0x00005c74   0x00005c74   0x00000004   Code   RO         3316    i.__mathlib_dbl_infnan2  m_ws.l(dunder.o)
    0x00005c78   0x00005c78   0x0000000c   Code   RO         3317    i.__mathlib_dbl_invalid  m_ws.l(dunder.o)
    0x00005c84   0x00005c84   0x0000000e   Code   RO         3318    i.__mathlib_dbl_overflow  m_ws.l(dunder.o)
    0x00005c92   0x00005c92   0x00000002   PAD
    0x00005c94   0x00005c94   0x00000010   Code   RO         3320    i.__mathlib_dbl_underflow  m_ws.l(dunder.o)
    0x00005ca4   0x00005ca4   0x0000000e   Code   RO         3432    i.__scatterload_copy  mc_w.l(handlers.o)
    0x00005cb2   0x00005cb2   0x00000002   Code   RO         3433    i.__scatterload_null  mc_w.l(handlers.o)
    0x00005cb4   0x00005cb4   0x0000000e   Code   RO         3434    i.__scatterload_zeroinit  mc_w.l(handlers.o)
    0x00005cc2   0x00005cc2   0x00000002   PAD
    0x00005cc4   0x00005cc4   0x0000000c   Code   RO         3393    i.__set_errno       mc_w.l(errno.o)
    0x00005cd0   0x00005cd0   0x00000410   Code   RO         3243    i._printf_core      mc_w.l(printf8.o)
    0x000060e0   0x000060e0   0x00000024   Code   RO         3244    i._printf_post_padding  mc_w.l(printf8.o)
    0x00006104   0x00006104   0x0000002e   Code   RO         3245    i._printf_pre_padding  mc_w.l(printf8.o)
    0x00006132   0x00006132   0x00000002   PAD
    0x00006134   0x00006134   0x00000090   Code   RO         1677    i.check_fs          ff.o
    0x000061c4   0x000061c4   0x00000014   Code   RO         1678    i.chk_chr           ff.o
    0x000061d8   0x000061d8   0x0000001a   Code   RO         1679    i.clust2sect        ff.o
    0x000061f2   0x000061f2   0x000000d6   Code   RO         1680    i.create_chain      ff.o
    0x000062c8   0x000062c8   0x000001b4   Code   RO         1681    i.create_name       ff.o
    0x0000647c   0x0000647c   0x0000001c   Code   RO         1346    i.delay             sdcard_fatfs.o
    0x00006498   0x00006498   0x0000005c   Code   RO         1682    i.dir_alloc         ff.o
    0x000064f4   0x000064f4   0x0000005c   Code   RO         1683    i.dir_find          ff.o
    0x00006550   0x00006550   0x0000010e   Code   RO         1684    i.dir_next          ff.o
    0x0000665e   0x0000665e   0x0000003a   Code   RO         1686    i.dir_register      ff.o
    0x00006698   0x00006698   0x0000009e   Code   RO         1688    i.dir_sdi           ff.o
    0x00006736   0x00006736   0x0000001c   Code   RO         1997    i.disk_initialize   diskio.o
    0x00006752   0x00006752   0x00000028   Code   RO         1998    i.disk_ioctl        diskio.o
    0x0000677a   0x0000677a   0x0000002c   Code   RO         1999    i.disk_read         diskio.o
    0x000067a6   0x000067a6   0x0000001c   Code   RO         2000    i.disk_status       diskio.o
    0x000067c2   0x000067c2   0x0000002c   Code   RO         2001    i.disk_write        diskio.o
    0x000067ee   0x000067ee   0x00000002   PAD
    0x000067f0   0x000067f0   0x00000020   Code   RO         1690    i.f_chdrive         ff.o
    0x00006810   0x00006810   0x00000020   Code   RO         1692    i.f_close           ff.o
    0x00006830   0x00006830   0x0000005c   Code   RO         1700    i.f_mount           ff.o
    0x0000688c   0x0000688c   0x00000178   Code   RO         1701    i.f_open            ff.o
    0x00006a04   0x00006a04   0x000001a0   Code   RO         1706    i.f_read            ff.o
    0x00006ba4   0x00006ba4   0x000000b0   Code   RO         1710    i.f_sync            ff.o
    0x00006c54   0x00006c54   0x00000398   Code   RO         1715    i.find_volume       ff.o
    0x00006fec   0x00006fec   0x000000ae   Code   RO         1716    i.follow_path       ff.o
    0x0000709a   0x0000709a   0x00000002   PAD
    0x0000709c   0x0000709c   0x00000024   Code   RO         2162    i.fputc             fsl_debug_console.o
    0x000070c0   0x000070c0   0x000000f2   Code   RO         1717    i.get_fat           ff.o
    0x000071b2   0x000071b2   0x00000002   PAD
    0x000071b4   0x000071b4   0x00000050   Code   RO         1719    i.get_ldnumber      ff.o
    0x00007204   0x00007204   0x00000020   Code   RO         1720    i.ld_clust          ff.o
    0x00007224   0x00007224   0x0000043c   Code   RO         1347    i.main              sdcard_fatfs.o
    0x00007660   0x00007660   0x0000021c   Code   RO         1348    i.measure_freq      sdcard_fatfs.o
    0x0000787c   0x0000787c   0x00000026   Code   RO         1721    i.mem_cmp           ff.o
    0x000078a2   0x000078a2   0x0000001a   Code   RO         1722    i.mem_cpy           ff.o
    0x000078bc   0x000078bc   0x00000014   Code   RO         1723    i.mem_set           ff.o
    0x000078d0   0x000078d0   0x00000094   Code   RO         2995    i.modf              m_ws.l(modf.o)
    0x00007964   0x00007964   0x00000034   Code   RO         1724    i.move_window       ff.o
    0x00007998   0x00007998   0x000009d8   Code   RO         2999    i.pow               m_ws.l(pow.o)
    0x00008370   0x00008370   0x00000210   Code   RO         1349    i.program_image     sdcard_fatfs.o
    0x00008580   0x00008580   0x00000142   Code   RO         1725    i.put_fat           ff.o
    0x000086c2   0x000086c2   0x00000002   PAD
    0x000086c4   0x000086c4   0x0000006c   Code   RO         1350    i.read_image        sdcard_fatfs.o
    0x00008730   0x00008730   0x0000006c   Code   RO         1727    i.remove_chain      ff.o
    0x0000879c   0x0000879c   0x000000dc   Code   RO         1587    i.sd_disk_initialize  fsl_sd_disk.o
    0x00008878   0x00008878   0x00000060   Code   RO         1588    i.sd_disk_ioctl     fsl_sd_disk.o
    0x000088d8   0x000088d8   0x00000030   Code   RO         1589    i.sd_disk_read      fsl_sd_disk.o
    0x00008908   0x00008908   0x0000000e   Code   RO         1590    i.sd_disk_status    fsl_sd_disk.o
    0x00008916   0x00008916   0x00000002   PAD
    0x00008918   0x00008918   0x00000030   Code   RO         1591    i.sd_disk_write     fsl_sd_disk.o
    0x00008948   0x00008948   0x0000002c   Code   RO         1592    i.sdhc_transfer_complete_callback  fsl_sd_disk.o
    0x00008974   0x00008974   0x00000048   Code   RO         1593    i.sdhc_transfer_function  fsl_sd_disk.o
    0x000089bc   0x000089bc   0x0000002e   Code   RO         2940    i.security_bits_set  flash_kientis.o
    0x000089ea   0x000089ea   0x00000002   PAD
    0x000089ec   0x000089ec   0x0000000c   Code   RO         2874    i.set_swd_speed     swd_pin.o
    0x000089f8   0x000089f8   0x0000004c   Code   RO         3334    i.sqrt              m_ws.l(sqrt.o)
    0x00008a44   0x00008a44   0x00000010   Code   RO         1728    i.st_clust          ff.o
    0x00008a54   0x00008a54   0x00000066   Code   RO         2717    i.swd_flash_syscall_exec  swd.o
    0x00008aba   0x00008aba   0x00000002   PAD
    0x00008abc   0x00008abc   0x0000006c   Code   RO         2719    i.swd_write_debug_state  swd.o
    0x00008b28   0x00008b28   0x0000006a   Code   RO         2720    i.swd_write_memory  swd.o
    0x00008b92   0x00008b92   0x000000c8   Code   RO         1729    i.sync_fs           ff.o
    0x00008c5a   0x00008c5a   0x00000052   Code   RO         1730    i.sync_window       ff.o
    0x00008cac   0x00008cac   0x00000020   Code   RO         2942    i.target_flash_erase_sector  flash_kientis.o
    0x00008ccc   0x00008ccc   0x00000040   Code   RO         2943    i.target_flash_init  flash_kientis.o
    0x00008d0c   0x00008d0c   0x00000062   Code   RO         2944    i.target_flash_program_page  flash_kientis.o
    0x00008d6e   0x00008d6e   0x00000002   PAD
    0x00008d70   0x00008d70   0x00000104   Code   RO         2945    i.target_flash_unlock_sequence  flash_kientis.o
    0x00008e74   0x00008e74   0x00000032   Code   RO         1731    i.validate          ff.o
    0x00008ea6   0x00008ea6   0x00000002   PAD
    0x00008ea8   0x00008ea8   0x00000038   Data   RO          120    .constdata          fsl_uart.o
    0x00008ee0   0x00008ee0   0x0000000c   Data   RO          534    .constdata          fsl_sdhc.o
    0x00008eec   0x00008eec   0x00000060   Data   RO          879    .constdata          fsl_clock.o
    0x00008f4c   0x00008f4c   0x00000008   Data   RO         1301    .constdata          fsl_pit.o
    0x00008f54   0x00008f54   0x0000000a   Data   RO         1352    .constdata          sdcard_fatfs.o
    0x00008f5e   0x00008f5e   0x00000002   PAD
    0x00008f60   0x00008f60   0x00000040   Data   RO         2111    .constdata          clock_config.o
    0x00008fa0   0x00008fa0   0x000001c8   Data   RO         2982    .constdata          flash_kinetis_algorithm.o
    0x00009168   0x00009168   0x00000088   Data   RO         3000    .constdata          m_ws.l(pow.o)
    0x000091f0   0x000091f0   0x00000008   Data   RO         3332    .constdata          m_ws.l(qnan.o)
    0x000091f8   0x000091f8   0x00000081   Data   RO         3364    .constdata          mc_w.l(ctype_o.o)
    0x00009279   0x00009279   0x00000003   PAD
    0x0000927c   0x0000927c   0x00000004   Data   RO         3365    .constdata          mc_w.l(ctype_o.o)
    0x00009280   0x00009280   0x0000009f   Data   RO         1353    .conststring        sdcard_fatfs.o
    0x0000931f   0x0000931f   0x00000001   PAD
    0x00009320   0x00009320   0x00000020   Data   RO         3430    Region$$Table       anon$$obj.o


    Execution Region RW_m_data (Exec base: 0x1fff0000, Load base: 0x00009340, Size: 0x00000000, Max: 0x00010000, ABSOLUTE)

    **** No section assigned to this execution region ****


    Execution Region RW_m_data_2 (Exec base: 0x20000000, Load base: 0x00009340, Size: 0x00001ae4, Max: 0x0002d700, ABSOLUTE)

    Exec Addr    Load Addr    Size         Type   Attr      Idx    E Section Name        Object

    0x20000000   0x00009340   0x00000004   Data   RW           17    .data               system_mk64f12.o
    0x20000004   0x00009344   0x00000004   Data   RW          121    .data               fsl_uart.o
    0x20000008   0x00009348   0x00000004   Data   RW          535    .data               fsl_sdhc.o
    0x2000000c   0x0000934c   0x00000010   Data   RW          880    .data               fsl_clock.o
    0x2000001c   0x0000935c   0x000000be   Data   RW         1354    .data               sdcard_fatfs.o
    0x200000da   0x0000941a   0x00000002   PAD
    0x200000dc   0x0000941c   0x00000008   Data   RW         1520    .data               event.o
    0x200000e4   0x00009424   0x00000004   Data   RW         1595    .data               fsl_sd_disk.o
    0x200000e8   0x00009428   0x00000003   Data   RW         1734    .data               ff.o
    0x200000eb   0x0000942b   0x00000005   PAD
    0x200000f0   0x00009430   0x00000010   Data   RW         2164    .data               fsl_debug_console.o
    0x20000100   0x00009440   0x00000004   Data   RW         2875    .data               swd_pin.o
    0x20000104   0x00009444   0x00000004   Data   RW         3394    .data               mc_w.l(errno.o)
    0x20000108        -       0x00000018   Zero   RW          119    .bss                fsl_uart.o
    0x20000120        -       0x000018b4   Zero   RW         1351    .bss                sdcard_fatfs.o
    0x200019d4        -       0x000000f4   Zero   RW         1594    .bss                fsl_sd_disk.o
    0x20001ac8        -       0x0000000c   Zero   RW         1732    .bss                ff.o
    0x20001ad4        -       0x00000010   Zero   RW         2163    .bss                fsl_debug_console.o


    Execution Region ARM_LIB_HEAP (Exec base: 0x20001ae4, Load base: 0x00009448, Size: 0x00000a00, Max: 0x00000a00, ABSOLUTE)

    Exec Addr    Load Addr    Size         Type   Attr      Idx    E Section Name        Object

    0x20001ae4        -       0x00000a00   Zero   RW            1    ARM_LIB_HEAP.bss    anon$$obj.o


    Execution Region ARM_LIB_STACK (Exec base: 0x2002e100, Load base: 0x00009448, Size: 0x00001f00, Max: 0x00001f00, ABSOLUTE)

    Exec Addr    Load Addr    Size         Type   Attr      Idx    E Section Name        Object

    0x2002e100        -       0x00001f00   Zero   RW            2    ARM_LIB_STACK.bss   anon$$obj.o



  Load Region LR_m_interrupts (Base: 0x00000000, Size: 0x00000400, Max: 0x00000400, ABSOLUTE)

    Execution Region VECTOR_RAM (Exec base: 0x00000000, Load base: 0x00000000, Size: 0x00000000, Max: 0x00000000, ABSOLUTE)

    Exec Addr    Load Addr    Size         Type   Attr      Idx    E Section Name        Object

    0x00000000        -       0x00000000   Zero   RW            3    VECTOR_RAM.bss      anon$$obj.o


    Execution Region VECTOR_ROM (Exec base: 0x00000000, Load base: 0x00000000, Size: 0x00000400, Max: 0x00000400, ABSOLUTE)

    Exec Addr    Load Addr    Size         Type   Attr      Idx    E Section Name        Object

    0x00000000   0x00000000   0x00000400   Data   RO            4    RESET               startup_mk64f12.o



  Load Region LR_m_flash_config (Base: 0x00000400, Size: 0x00000010, Max: 0x00000010, ABSOLUTE)

    Execution Region ER_m_flash_config (Exec base: 0x00000400, Load base: 0x00000400, Size: 0x00000010, Max: 0x00000010, ABSOLUTE)

    Exec Addr    Load Addr    Size         Type   Attr      Idx    E Section Name        Object

    0x00000400   0x00000400   0x00000010   Data   RO            5    FlashConfig         startup_mk64f12.o


==============================================================================

Image component sizes


      Code (inc. data)   RO Data    RW Data    ZI Data      Debug   Object Name

        28          4          0          0          0        505   board.o
       100         22         64          0          0       9055   clock_config.o
       184          0          0          0          0       4310   diskio.o
       266         22          0          8          0      39949   event.o
      4996         62          0          3         12      31552   ff.o
       500         84          0          0          0       4599   flash_kientis.o
         0          0        456          0          0       1460   flash_kinetis_algorithm.o
      2032        524         96         16          0      28036   fsl_clock.o
        68         44          0          0          0        689   fsl_common.o
      2656         48          0         16         16      17125   fsl_debug_console.o
         0          0          0          0          0       7515   fsl_ftm.o
       132         60          0          0          0       4843   fsl_gpio.o
       296        168          8          0          0       3503   fsl_pit.o
      5352       1754          0          0          0      32227   fsl_sd.o
       542         56          0          4        244      34950   fsl_sd_disk.o
      3786       1382         12          4          0      58997   fsl_sdhc.o
      1004        438          0          0          0       5797   fsl_sdmmc.o
      1188        440         56          4         24      26001   fsl_uart.o
       402         80          0          0          0       4557   pin_mux.o
      2732       1010        169        190       6324     493999   sdcard_fatfs.o
       448        214       1040          0          0       3300   startup_mk64f12.o
      1964         62          0          0          0      18909   swd.o
       220         40          0          4          0       4600   swd_pin.o
        28          6          0          4          0     468643   system_mk64f12.o

    ----------------------------------------------------------------------
     28956       6520       1936        260      17116    1305121   Object Totals
         0          0         32          0      10496          0   (incl. Generated)
        32          0          3          7          0          0   (incl. Padding)

    ----------------------------------------------------------------------

      Code (inc. data)   RO Data    RW Data    ZI Data      Debug   Library Member Name

        62         10          0          0          0        340   dunder.o
        40          0          0          0          0         68   fpclassify.o
       148          6          0          0          0        116   modf.o
       170          0          0          0          0         96   poly.o
      2520        190        136          0          0        324   pow.o
         0          0          8          0          0          0   qnan.o
        76          0          0          0          0         84   sqrt.o
        28          0          0          0          0         68   _chval.o
       158          0          0          0          0         92   _strtoul.o
         8          4        133          0          0         68   ctype_o.o
         0          0          0          0          0          0   entry.o
         0          0          0          0          0          0   entry10a.o
         0          0          0          0          0          0   entry11a.o
         8          4          0          0          0          0   entry4.o
         4          0          0          0          0          0   entry5.o
         0          0          0          0          0          0   entry7b.o
         0          0          0          0          0          0   entry8b.o
         8          4          0          0          0          0   entry9a.o
        20         10          0          4          0        136   errno.o
        30          0          0          0          0          0   handlers.o
        36          8          0          0          0         68   init.o
         0          0          0          0          0          0   iusefp.o
        98          0          0          0          0         84   ldiv.o
        30          0          0          0          0         68   llshl.o
        36          0          0          0          0         68   llsshr.o
        32          0          0          0          0         68   llushr.o
        36          0          0          0          0         68   memcpya.o
        36          0          0          0          0        108   memseta.o
      1154         54          0          0          0        352   printf8.o
        14          0          0          0          0         68   strlen.o
        36          0          0          0          0         80   strstr.o
       114          0          0          0          0         92   strtoul.o
        98          0          0          0          0         92   uldiv.o
        48          0          0          0          0         68   cdcmple.o
        48          0          0          0          0         68   cdrcmple.o
       334          0          0          0          0        148   dadd.o
       222          0          0          0          0        100   ddiv.o
       186          0          0          0          0        176   depilogue.o
        62          0          0          0          0         80   dfixi.o
        74          0          0          0          0         80   dfixl.o
        34          0          0          0          0         76   dflti.o
        40          0          0          0          0         80   dfltl.o
        26          0          0          0          0         76   dfltui.o
       228          0          0          0          0         96   dmul.o
        46          0          0          0          0         80   dscalb.o
       162          0          0          0          0        100   dsqrt.o

    ----------------------------------------------------------------------
      6524        290        280          4          0       3836   Library Totals
        14          0          3          0          0          0   (incl. Padding)

    ----------------------------------------------------------------------

      Code (inc. data)   RO Data    RW Data    ZI Data      Debug   Library Name

      3016        206        144          0          0       1028   m_ws.l
      1984         84        133          4          0       1580   mc_w.l
      1510          0          0          0          0       1228   mf_w.l

    ----------------------------------------------------------------------
      6524        290        280          4          0       3836   Library Totals

    ----------------------------------------------------------------------

==============================================================================


      Code (inc. data)   RO Data    RW Data    ZI Data      Debug   

     35480       6810       2216        264      17116    1295797   Grand Totals
     35480       6810       2216        264      17116    1295797   ELF Image Totals
     35480       6810       2216        264          0          0   ROM Totals

==============================================================================

    Total RO  Size (Code + RO Data)                37696 (  36.81kB)
    Total RW  Size (RW Data + ZI Data)             17380 (  16.97kB)
    Total ROM Size (Code + RO Data + RW Data)      37960 (  37.07kB)

==============================================================================

